Archive member included to satisfy reference by file (symbol)

c:/program files (x86)/atmel/studio/7.0/toolchain/arm/arm-gnu-toolchain/bin/../lib/gcc/arm-none-eabi/6.3.1/../../../../arm-none-eabi/lib/thumb/v7e-m\libc.a(lib_a-exit.o)
                              c:/program files (x86)/atmel/studio/7.0/toolchain/arm/arm-gnu-toolchain/bin/../lib/gcc/arm-none-eabi/6.3.1/../../../../arm-none-eabi/lib/thumb/v7e-m/crt0.o (exit)
c:/program files (x86)/atmel/studio/7.0/toolchain/arm/arm-gnu-toolchain/bin/../lib/gcc/arm-none-eabi/6.3.1/../../../../arm-none-eabi/lib/thumb/v7e-m\libc.a(lib_a-impure.o)
                              c:/program files (x86)/atmel/studio/7.0/toolchain/arm/arm-gnu-toolchain/bin/../lib/gcc/arm-none-eabi/6.3.1/../../../../arm-none-eabi/lib/thumb/v7e-m\libc.a(lib_a-exit.o) (_global_impure_ptr)
c:/program files (x86)/atmel/studio/7.0/toolchain/arm/arm-gnu-toolchain/bin/../lib/gcc/arm-none-eabi/6.3.1/../../../../arm-none-eabi/lib/thumb/v7e-m\libc.a(lib_a-init.o)
                              c:/program files (x86)/atmel/studio/7.0/toolchain/arm/arm-gnu-toolchain/bin/../lib/gcc/arm-none-eabi/6.3.1/../../../../arm-none-eabi/lib/thumb/v7e-m/crt0.o (__libc_init_array)
c:/program files (x86)/atmel/studio/7.0/toolchain/arm/arm-gnu-toolchain/bin/../lib/gcc/arm-none-eabi/6.3.1/../../../../arm-none-eabi/lib/thumb/v7e-m\libc.a(lib_a-iprintf.o)
                              src/sinewave_example.o (iprintf)
c:/program files (x86)/atmel/studio/7.0/toolchain/arm/arm-gnu-toolchain/bin/../lib/gcc/arm-none-eabi/6.3.1/../../../../arm-none-eabi/lib/thumb/v7e-m\libc.a(lib_a-memset.o)
                              c:/program files (x86)/atmel/studio/7.0/toolchain/arm/arm-gnu-toolchain/bin/../lib/gcc/arm-none-eabi/6.3.1/../../../../arm-none-eabi/lib/thumb/v7e-m/crt0.o (memset)
c:/program files (x86)/atmel/studio/7.0/toolchain/arm/arm-gnu-toolchain/bin/../lib/gcc/arm-none-eabi/6.3.1/../../../../arm-none-eabi/lib/thumb/v7e-m\libc.a(lib_a-puts.o)
                              src/sinewave_example.o (puts)
c:/program files (x86)/atmel/studio/7.0/toolchain/arm/arm-gnu-toolchain/bin/../lib/gcc/arm-none-eabi/6.3.1/../../../../arm-none-eabi/lib/thumb/v7e-m\libc.a(lib_a-setbuf.o)
                              src/sinewave_example.o (setbuf)
c:/program files (x86)/atmel/studio/7.0/toolchain/arm/arm-gnu-toolchain/bin/../lib/gcc/arm-none-eabi/6.3.1/../../../../arm-none-eabi/lib/thumb/v7e-m\libc.a(lib_a-setvbuf.o)
                              c:/program files (x86)/atmel/studio/7.0/toolchain/arm/arm-gnu-toolchain/bin/../lib/gcc/arm-none-eabi/6.3.1/../../../../arm-none-eabi/lib/thumb/v7e-m\libc.a(lib_a-setbuf.o) (setvbuf)
c:/program files (x86)/atmel/studio/7.0/toolchain/arm/arm-gnu-toolchain/bin/../lib/gcc/arm-none-eabi/6.3.1/../../../../arm-none-eabi/lib/thumb/v7e-m\libc.a(lib_a-strlen.o)
                              c:/program files (x86)/atmel/studio/7.0/toolchain/arm/arm-gnu-toolchain/bin/../lib/gcc/arm-none-eabi/6.3.1/../../../../arm-none-eabi/lib/thumb/v7e-m\libc.a(lib_a-puts.o) (strlen)
c:/program files (x86)/atmel/studio/7.0/toolchain/arm/arm-gnu-toolchain/bin/../lib/gcc/arm-none-eabi/6.3.1/../../../../arm-none-eabi/lib/thumb/v7e-m\libc.a(lib_a-vfiprintf.o)
                              c:/program files (x86)/atmel/studio/7.0/toolchain/arm/arm-gnu-toolchain/bin/../lib/gcc/arm-none-eabi/6.3.1/../../../../arm-none-eabi/lib/thumb/v7e-m\libc.a(lib_a-iprintf.o) (_vfiprintf_r)
c:/program files (x86)/atmel/studio/7.0/toolchain/arm/arm-gnu-toolchain/bin/../lib/gcc/arm-none-eabi/6.3.1/../../../../arm-none-eabi/lib/thumb/v7e-m\libc.a(lib_a-wsetup.o)
                              c:/program files (x86)/atmel/studio/7.0/toolchain/arm/arm-gnu-toolchain/bin/../lib/gcc/arm-none-eabi/6.3.1/../../../../arm-none-eabi/lib/thumb/v7e-m\libc.a(lib_a-vfiprintf.o) (__swsetup_r)
c:/program files (x86)/atmel/studio/7.0/toolchain/arm/arm-gnu-toolchain/bin/../lib/gcc/arm-none-eabi/6.3.1/../../../../arm-none-eabi/lib/thumb/v7e-m\libc.a(lib_a-__call_atexit.o)
                              c:/program files (x86)/atmel/studio/7.0/toolchain/arm/arm-gnu-toolchain/bin/../lib/gcc/arm-none-eabi/6.3.1/../../../../arm-none-eabi/lib/thumb/v7e-m\libc.a(lib_a-exit.o) (__call_exitprocs)
c:/program files (x86)/atmel/studio/7.0/toolchain/arm/arm-gnu-toolchain/bin/../lib/gcc/arm-none-eabi/6.3.1/../../../../arm-none-eabi/lib/thumb/v7e-m\libc.a(lib_a-atexit.o)
                              c:/program files (x86)/atmel/studio/7.0/toolchain/arm/arm-gnu-toolchain/bin/../lib/gcc/arm-none-eabi/6.3.1/../../../../arm-none-eabi/lib/thumb/v7e-m\libc.a(lib_a-__call_atexit.o) (atexit)
c:/program files (x86)/atmel/studio/7.0/toolchain/arm/arm-gnu-toolchain/bin/../lib/gcc/arm-none-eabi/6.3.1/../../../../arm-none-eabi/lib/thumb/v7e-m\libc.a(lib_a-fflush.o)
                              c:/program files (x86)/atmel/studio/7.0/toolchain/arm/arm-gnu-toolchain/bin/../lib/gcc/arm-none-eabi/6.3.1/../../../../arm-none-eabi/lib/thumb/v7e-m\libc.a(lib_a-setvbuf.o) (_fflush_r)
[...]
Memory Configuration

Name             Origin             Length             Attributes
rom              0x00400000         0x00200000         xr
ram              0x20400000         0x00060000         xrw
*default*        0x00000000         0xffffffff

Linker script and memory map

LOAD c:/program files (x86)/atmel/studio/7.0/toolchain/arm/arm-gnu-toolchain/bin/../lib/gcc/arm-none-eabi/6.3.1/thumb/v7e-m/crti.o
LOAD c:/program files (x86)/atmel/studio/7.0/toolchain/arm/arm-gnu-toolchain/bin/../lib/gcc/arm-none-eabi/6.3.1/thumb/v7e-m/crtbegin.o
LOAD c:/program files (x86)/atmel/studio/7.0/toolchain/arm/arm-gnu-toolchain/bin/../lib/gcc/arm-none-eabi/6.3.1/../../../../arm-none-eabi/lib/thumb/v7e-m/crt0.o
LOAD src/ASF/common/services/clock/same70/sysclk.o
LOAD src/ASF/common/services/serial/usart_serial.o
LOAD src/ASF/common/utils/interrupt/interrupt_sam_nvic.o
LOAD src/ASF/common/utils/stdio/read.o
LOAD src/ASF/common/utils/stdio/write.o
LOAD src/ASF/sam/boards/same70_xplained/init.o
LOAD src/ASF/sam/drivers/dacc/dacc.o
LOAD src/ASF/sam/drivers/mpu/mpu.o
LOAD src/ASF/sam/drivers/pio/pio.o
LOAD src/ASF/sam/drivers/pio/pio_handler.o
LOAD src/ASF/sam/drivers/pmc/pmc.o
LOAD src/ASF/sam/drivers/pmc/sleep.o
LOAD src/ASF/sam/drivers/uart/uart.o
LOAD src/ASF/sam/drivers/usart/usart.o
LOAD src/ASF/sam/utils/cmsis/same70/source/templates/gcc/startup_same70.o
LOAD src/ASF/sam/utils/cmsis/same70/source/templates/system_same70.o
LOAD src/ASF/sam/utils/syscalls/gcc/syscalls.o
LOAD src/sinewave_example.o
START GROUP
LOAD ../src/ASF/thirdparty/CMSIS/Lib/GCC\libarm_cortexM7lfsp_math_softfp.a
LOAD c:/program files (x86)/atmel/studio/7.0/toolchain/arm/arm-gnu-toolchain/bin/../lib/gcc/arm-none-eabi/6.3.1/../../../../arm-none-eabi/lib/thumb/v7e-m\libm.a
END GROUP
START GROUP
LOAD c:/program files (x86)/atmel/studio/7.0/toolchain/arm/arm-gnu-toolchain/bin/../lib/gcc/arm-none-eabi/6.3.1/thumb/v7e-m\libgcc.a
LOAD c:/program files (x86)/atmel/studio/7.0/toolchain/arm/arm-gnu-toolchain/bin/../lib/gcc/arm-none-eabi/6.3.1/../../../../arm-none-eabi/lib/thumb/v7e-m\libc.a
END GROUP
LOAD c:/program files (x86)/atmel/studio/7.0/toolchain/arm/arm-gnu-toolchain/bin/../lib/gcc/arm-none-eabi/6.3.1/thumb/v7e-m/crtend.o
LOAD c:/program files (x86)/atmel/studio/7.0/toolchain/arm/arm-gnu-toolchain/bin/../lib/gcc/arm-none-eabi/6.3.1/thumb/v7e-m/crtn.o
                0x00002000                STACK_SIZE = DEFINED (STACK_SIZE)?STACK_SIZE:0x2000
                0x2045fffc                __ram_end__ = ((ORIGIN (ram) + LENGTH (ram)) - 0x4)
                0x00000200                HEAP_SIZE = DEFINED (HEAP_SIZE)?HEAP_SIZE:0x200

.text           0x00400000     0x4834
                0x00400000                . = ALIGN (0x4)
                0x00400000                _sfixed = .
 *(.vectors .vectors.*)
 .vectors       0x00400000      0x168 src/ASF/sam/utils/cmsis/same70/source/templates/gcc/startup_same70.o
                0x00400000                exception_table
 *(.text .text.* .gnu.linkonce.t.*)
 .text          0x00400168       0x6c c:/program files (x86)/atmel/studio/7.0/toolchain/arm/arm-gnu-toolchain/bin/../lib/gcc/arm-none-eabi/6.3.1/thumb/v7e-m/crtbegin.o
 .text.sysclk_init
                0x004001d4       0x70 src/ASF/common/services/clock/same70/sysclk.o
                0x004001d4                sysclk_init
 .text._read    0x00400244       0x3c src/ASF/common/utils/stdio/read.o
                0x00400244                _read
 .text._write   0x00400280       0x50 src/ASF/common/utils/stdio/write.o
                0x00400280                _write
 .text.board_init
                0x004002d0      0x194 src/ASF/sam/boards/same70_xplained/init.o
                0x004002d0                board_init
 .text.dacc_reset
                0x00400464        0x6 src/ASF/sam/drivers/dacc/dacc.o
                0x00400464                dacc_reset
 .text.dacc_set_transfer_mode
                0x0040046a        0xe src/ASF/sam/drivers/dacc/dacc.o
                0x0040046a                dacc_set_transfer_mode
 .text.dacc_get_interrupt_status
                0x00400478        0x4 src/ASF/sam/drivers/dacc/dacc.o
                0x00400478                dacc_get_interrupt_status
 .text.dacc_write_conversion_data
                0x0040047c        0xa src/ASF/sam/drivers/dacc/dacc.o
                0x0040047c                dacc_write_conversion_data
 .text.dacc_enable_channel
                0x00400486       0x14 src/ASF/sam/drivers/dacc/dacc.o
                0x00400486                dacc_enable_channel
 .text.dacc_set_analog_control
                0x0040049a        0x8 src/ASF/sam/drivers/dacc/dacc.o
                0x0040049a                dacc_set_analog_control
 .text.pio_get  0x004004a2       0x1a src/ASF/sam/drivers/pio/pio.o
                0x004004a2                pio_get
 .text.pio_set_peripheral
                0x004004bc       0x92 src/ASF/sam/drivers/pio/pio.o
                0x004004bc                pio_set_peripheral
 .text.pio_set_input
                0x0040054e       0x36 src/ASF/sam/drivers/pio/pio.o
                0x0040054e                pio_set_input
 .text.pio_set_output
                0x00400584       0x28 src/ASF/sam/drivers/pio/pio.o
                0x00400584                pio_set_output
 .text.pio_configure
                0x004005ac       0x90 src/ASF/sam/drivers/pio/pio.o
                0x004005ac                pio_configure
 .text.pio_configure_interrupt
                0x0040063c       0x32 src/ASF/sam/drivers/pio/pio.o
                0x0040063c                pio_configure_interrupt
 .text.pio_enable_interrupt
                0x0040066e        0x4 src/ASF/sam/drivers/pio/pio.o
                0x0040066e                pio_enable_interrupt
 .text.pio_get_interrupt_status
                0x00400672        0x4 src/ASF/sam/drivers/pio/pio.o
                0x00400672                pio_get_interrupt_status
 .text.pio_get_interrupt_mask
                0x00400676        0x4 src/ASF/sam/drivers/pio/pio.o
                0x00400676                pio_get_interrupt_mask
 *fill*         0x0040067a        0x2 
 .text.pio_handler_process
                0x0040067c       0x50 src/ASF/sam/drivers/pio/pio_handler.o
                0x0040067c                pio_handler_process
 .text.pio_handler_set
                0x004006cc       0x70 src/ASF/sam/drivers/pio/pio_handler.o
                0x004006cc                pio_handler_set
 .text.PIOA_Handler
                0x0040073c       0x14 src/ASF/sam/drivers/pio/pio_handler.o
                0x0040073c                PIOA_Handler
 .text.PIOB_Handler
                0x00400750       0x14 src/ASF/sam/drivers/pio/pio_handler.o
                0x00400750                PIOB_Handler
 .text.PIOC_Handler
                0x00400764       0x14 src/ASF/sam/drivers/pio/pio_handler.o
                0x00400764                PIOC_Handler
 .text.PIOD_Handler
                0x00400778       0x14 src/ASF/sam/drivers/pio/pio_handler.o
                0x00400778                PIOD_Handler
 .text.PIOE_Handler
                0x0040078c       0x14 src/ASF/sam/drivers/pio/pio_handler.o
                0x0040078c                PIOE_Handler
 .text.pmc_mck_set_division
                0x004007a0       0x38 src/ASF/sam/drivers/pmc/pmc.o
                0x004007a0                pmc_mck_set_division
 .text.pmc_switch_mck_to_pllack
                0x004007d8       0x64 src/ASF/sam/drivers/pmc/pmc.o
                0x004007d8                pmc_switch_mck_to_pllack
 .text.pmc_switch_mainck_to_xtal
                0x0040083c       0x54 src/ASF/sam/drivers/pmc/pmc.o
                0x0040083c                pmc_switch_mainck_to_xtal
 .text.pmc_osc_is_ready_mainck
                0x00400890       0x10 src/ASF/sam/drivers/pmc/pmc.o
                0x00400890                pmc_osc_is_ready_mainck
 .text.pmc_disable_pllack
                0x004008a0       0x10 src/ASF/sam/drivers/pmc/pmc.o
                0x004008a0                pmc_disable_pllack
 .text.pmc_is_locked_pllack
                0x004008b0       0x10 src/ASF/sam/drivers/pmc/pmc.o
                0x004008b0                pmc_is_locked_pllack
 .text.pmc_enable_periph_clk
                0x004008c0       0x20 src/ASF/sam/drivers/pmc/pmc.o
                0x004008c0                pmc_enable_periph_clk
 .text.uart_write
                0x004008e0       0x12 src/ASF/sam/drivers/uart/uart.o
                0x004008e0                uart_write
 .text.uart_read
                0x004008f2       0x14 src/ASF/sam/drivers/uart/uart.o
                0x004008f2                uart_read
 .text.usart_set_async_baudrate
                0x00400906       0x5a src/ASF/sam/drivers/usart/usart.o
                0x00400906                usart_set_async_baudrate
 .text.usart_reset
                0x00400960       0x28 src/ASF/sam/drivers/usart/usart.o
                0x00400960                usart_reset
 .text.usart_init_rs232
                0x00400988       0x54 src/ASF/sam/drivers/usart/usart.o
                0x00400988                usart_init_rs232
 .text.usart_enable_tx
                0x004009dc        0x6 src/ASF/sam/drivers/usart/usart.o
                0x004009dc                usart_enable_tx
 .text.usart_enable_rx
                0x004009e2        0x6 src/ASF/sam/drivers/usart/usart.o
                0x004009e2                usart_enable_rx
 .text.usart_write
                0x004009e8       0x16 src/ASF/sam/drivers/usart/usart.o
                0x004009e8                usart_write
 .text.usart_read
                0x004009fe       0x18 src/ASF/sam/drivers/usart/usart.o
                0x004009fe                usart_read
 .text.Dummy_Handler
                0x00400a16        0x2 src/ASF/sam/utils/cmsis/same70/source/templates/gcc/startup_same70.o
                0x00400a16                DACC_Handler
                0x00400a16                DebugMon_Handler
                0x00400a16                UART3_Handler
                0x00400a16                UART2_Handler
                0x00400a16                TRNG_Handler
                0x00400a16                HardFault_Handler
                0x00400a16                TC2_Handler
                0x00400a16                AFEC1_Handler
                0x00400a16                PendSV_Handler
                0x00400a16                NMI_Handler
                0x00400a16                TC7_Handler
                0x00400a16                QSPI_Handler
                0x00400a16                ISI_Handler
                0x00400a16                MCAN0_INT0_Handler
                0x00400a16                TC9_Handler
                0x00400a16                RSWDT_Handler
                0x00400a16                USART0_Handler
                0x00400a16                RTT_Handler
                0x00400a16                USBHS_Handler
                0x00400a16                IXC_Handler
                0x00400a16                CCF_Handler
                0x00400a16                RTC_Handler
                0x00400a16                UsageFault_Handler
                0x00400a16                TC6_Handler
                0x00400a16                WDT_Handler
                0x00400a16                MCAN1_INT1_Handler
                0x00400a16                TC4_Handler
                0x00400a16                TC1_Handler
                0x00400a16                HSMCI_Handler
                0x00400a16                UART1_Handler
                0x00400a16                TC3_Handler
                0x00400a16                Dummy_Handler
                0x00400a16                TWIHS1_Handler
                0x00400a16                XDMAC_Handler
                0x00400a16                UART4_Handler
                0x00400a16                PWM1_Handler
                0x00400a16                USART1_Handler
                0x00400a16                PWM0_Handler
                0x00400a16                AFEC0_Handler
                0x00400a16                CCW_Handler
                0x00400a16                SSC_Handler
                0x00400a16                TC11_Handler
                0x00400a16                ACC_Handler
                0x00400a16                PMC_Handler
                0x00400a16                GMAC_Handler
                0x00400a16                MCAN0_INT1_Handler
                0x00400a16                GMAC_Q5_Handler
                0x00400a16                MemManage_Handler
                0x00400a16                SUPC_Handler
                0x00400a16                SVC_Handler
                0x00400a16                TC8_Handler
                0x00400a16                MCAN1_INT0_Handler
                0x00400a16                EFC_Handler
                0x00400a16                GMAC_Q1_Handler
                0x00400a16                USART2_Handler
                0x00400a16                SDRAMC_Handler
                0x00400a16                GMAC_Q2_Handler
                0x00400a16                SPI1_Handler
                0x00400a16                TC10_Handler
                0x00400a16                GMAC_Q3_Handler
                0x00400a16                TWIHS2_Handler
                0x00400a16                I2SC0_Handler
                0x00400a16                UART0_Handler
                0x00400a16                I2SC1_Handler
                0x00400a16                GMAC_Q4_Handler
                0x00400a16                FPU_Handler
                0x00400a16                BusFault_Handler
                0x00400a16                RSTC_Handler
                0x00400a16                TC0_Handler
                0x00400a16                TC5_Handler
                0x00400a16                ICM_Handler
                0x00400a16                AES_Handler
                0x00400a16                TWIHS0_Handler
                0x00400a16                SPI0_Handler
 .text.Reset_Handler
                0x00400a18       0xc8 src/ASF/sam/utils/cmsis/same70/source/templates/gcc/startup_same70.o
                0x00400a18                Reset_Handler
 .text.SystemCoreClockUpdate
                0x00400ae0      0x10c src/ASF/sam/utils/cmsis/same70/source/templates/system_same70.o
                0x00400ae0                SystemCoreClockUpdate
 .text.system_init_flash
                0x00400bec       0x8c src/ASF/sam/utils/cmsis/same70/source/templates/system_same70.o
                0x00400bec                system_init_flash
 .text._sbrk    0x00400c78       0x38 src/ASF/sam/utils/syscalls/gcc/syscalls.o
                0x00400c78                _sbrk
 .text._close   0x00400cb0        0x6 src/ASF/sam/utils/syscalls/gcc/syscalls.o
                0x00400cb0                _close
 .text._fstat   0x00400cb6        0xa src/ASF/sam/utils/syscalls/gcc/syscalls.o
                0x00400cb6                _fstat
 .text._isatty  0x00400cc0        0x4 src/ASF/sam/utils/syscalls/gcc/syscalls.o
                0x00400cc0                _isatty
 .text._lseek   0x00400cc4        0x4 src/ASF/sam/utils/syscalls/gcc/syscalls.o
                0x00400cc4                _lseek
 .text.but_callback1
                0x00400cc8       0x30 src/sinewave_example.o
                0x00400cc8                but_callback1
 .text.but_callback2
                0x00400cf8       0x30 src/sinewave_example.o
                0x00400cf8                but_callback2
 .text.but_callback3
                0x00400d28       0x2c src/sinewave_example.o
                0x00400d28                but_callback3
 .text.but_callback4
                0x00400d54       0x2c src/sinewave_example.o
                0x00400d54                but_callback4
 .text.but_callback5
                0x00400d80       0x2c src/sinewave_example.o
                0x00400d80                but_callback5
 .text.usart_serial_getchar
                0x00400dac       0xdc src/sinewave_example.o
 .text.usart_serial_putchar
                0x00400e88       0xd4 src/sinewave_example.o
 .text.but_init
                0x00400f5c      0x148 src/sinewave_example.o
                0x00400f5c                but_init
 .text.SysTick_Handler
                0x004010a4       0x90 src/sinewave_example.o
                0x004010a4                SysTick_Handler
 .text.main     0x00401134      0x244 src/sinewave_example.o
                0x00401134                main
 .text.__libc_init_array
                0x00401378       0x50 c:/program files (x86)/atmel/studio/7.0/toolchain/arm/arm-gnu-toolchain/bin/../lib/gcc/arm-none-eabi/6.3.1/../../../../arm-none-eabi/lib/thumb/v7e-m\libc.a(lib_a-init.o)
                0x00401378                __libc_init_array
 .text.iprintf  0x004013c8       0x28 c:/program files (x86)/atmel/studio/7.0/toolchain/arm/arm-gnu-toolchain/bin/../lib/gcc/arm-none-eabi/6.3.1/../../../../arm-none-eabi/lib/thumb/v7e-m\libc.a(lib_a-iprintf.o)
                0x004013c8                iprintf
 .text.memset   0x004013f0       0x9c c:/program files (x86)/atmel/studio/7.0/toolchain/arm/arm-gnu-toolchain/bin/../lib/gcc/arm-none-eabi/6.3.1/../../../../arm-none-eabi/lib/thumb/v7e-m\libc.a(lib_a-memset.o)
                0x004013f0                memset
 .text._puts_r  0x0040148c       0x9c c:/program files (x86)/atmel/studio/7.0/toolchain/arm/arm-gnu-toolchain/bin/../lib/gcc/arm-none-eabi/6.3.1/../../../../arm-none-eabi/lib/thumb/v7e-m\libc.a(lib_a-puts.o)
                0x0040148c                _puts_r
 .text.puts     0x00401528       0x10 c:/program files (x86)/atmel/studio/7.0/toolchain/arm/arm-gnu-toolchain/bin/../lib/gcc/arm-none-eabi/6.3.1/../../../../arm-none-eabi/lib/thumb/v7e-m\libc.a(lib_a-puts.o)
                0x00401528                puts
 .text.setbuf   0x00401538       0x10 c:/program files (x86)/atmel/studio/7.0/toolchain/arm/arm-gnu-toolchain/bin/../lib/gcc/arm-none-eabi/6.3.1/../../../../arm-none-eabi/lib/thumb/v7e-m\libc.a(lib_a-setbuf.o)
                0x00401538                setbuf
 .text.setvbuf  0x00401548      0x190 c:/program files (x86)/atmel/studio/7.0/toolchain/arm/arm-gnu-toolchain/bin/../lib/gcc/arm-none-eabi/6.3.1/../../../../arm-none-eabi/lib/thumb/v7e-m\libc.a(lib_a-setvbuf.o)
                0x00401548                setvbuf
 *fill*         0x004016d8       0x28 
 .text          0x00401700       0xdc c:/program files (x86)/atmel/studio/7.0/toolchain/arm/arm-gnu-toolchain/bin/../lib/gcc/arm-none-eabi/6.3.1/../../../../arm-none-eabi/lib/thumb/v7e-m\libc.a(lib_a-strlen.o)
                0x00401700                strlen
 .text.__sprint_r.part.0
                0x004017dc       0x80 c:/program files (x86)/atmel/studio/7.0/toolchain/arm/arm-gnu-toolchain/bin/../lib/gcc/arm-none-eabi/6.3.1/../../../../arm-none-eabi/lib/thumb/v7e-m\libc.a(lib_a-vfiprintf.o)
 .text._vfiprintf_r
                0x0040185c      0xc90 c:/program files (x86)/atmel/studio/7.0/toolchain/arm/arm-gnu-toolchain/bin/../lib/gcc/arm-none-eabi/6.3.1/../../../../arm-none-eabi/lib/thumb/v7e-m\libc.a(lib_a-vfiprintf.o)
                0x0040185c                _vfiprintf_r
 .text.__sbprintf
                0x004024ec       0x84 c:/program files (x86)/atmel/studio/7.0/toolchain/arm/arm-gnu-toolchain/bin/../lib/gcc/arm-none-eabi/6.3.1/../../../../arm-none-eabi/lib/thumb/v7e-m\libc.a(lib_a-vfiprintf.o)
 .text.__swsetup_r
                0x00402570       0xc8 c:/program files (x86)/atmel/studio/7.0/toolchain/arm/arm-gnu-toolchain/bin/../lib/gcc/arm-none-eabi/6.3.1/../../../../arm-none-eabi/lib/thumb/v7e-m\libc.a(lib_a-wsetup.o)
                0x00402570                __swsetup_r
 .text.startup.register_fini
                0x00402638       0x14 c:/program files (x86)/atmel/studio/7.0/toolchain/arm/arm-gnu-toolchain/bin/../lib/gcc/arm-none-eabi/6.3.1/../../../../arm-none-eabi/lib/thumb/v7e-m\libc.a(lib_a-__call_atexit.o)
 .text.atexit   0x0040264c        0xc c:/program files (x86)/atmel/studio/7.0/toolchain/arm/arm-gnu-toolchain/bin/../lib/gcc/arm-none-eabi/6.3.1/../../../../arm-none-eabi/lib/thumb/v7e-m\libc.a(lib_a-atexit.o)
                0x0040264c                atexit
 .text.__sflush_r
                0x00402658      0x140 c:/program files (x86)/atmel/studio/7.0/toolchain/arm/arm-gnu-toolchain/bin/../lib/gcc/arm-none-eabi/6.3.1/../../../../arm-none-eabi/lib/thumb/v7e-m\libc.a(lib_a-fflush.o)
                0x00402658                __sflush_r
 .text._fflush_r
                0x00402798       0x54 c:/program files (x86)/atmel/studio/7.0/toolchain/arm/arm-gnu-toolchain/bin/../lib/gcc/arm-none-eabi/6.3.1/../../../../arm-none-eabi/lib/thumb/v7e-m\libc.a(lib_a-fflush.o)
                0x00402798                _fflush_r
 .text._cleanup_r
                0x004027ec        0xc c:/program files (x86)/atmel/studio/7.0/toolchain/arm/arm-gnu-toolchain/bin/../lib/gcc/arm-none-eabi/6.3.1/../../../../arm-none-eabi/lib/thumb/v7e-m\libc.a(lib_a-findfp.o)
                0x004027ec                _cleanup_r
 .text.std.isra.0
                0x004027f8       0x50 c:/program files (x86)/atmel/studio/7.0/toolchain/arm/arm-gnu-toolchain/bin/../lib/gcc/arm-none-eabi/6.3.1/../../../../arm-none-eabi/lib/thumb/v7e-m\libc.a(lib_a-findfp.o)
 .text.__sinit  0x00402848       0x58 c:/program files (x86)/atmel/studio/7.0/toolchain/arm/arm-gnu-toolchain/bin/../lib/gcc/arm-none-eabi/6.3.1/../../../../arm-none-eabi/lib/thumb/v7e-m\libc.a(lib_a-findfp.o)
                0x00402848                __sinit
 .text.__sfp_lock_acquire
                0x004028a0        0xc c:/program files (x86)/atmel/studio/7.0/toolchain/arm/arm-gnu-toolchain/bin/../lib/gcc/arm-none-eabi/6.3.1/../../../../arm-none-eabi/lib/thumb/v7e-m\libc.a(lib_a-findfp.o)
                0x004028a0                __sfp_lock_acquire
 .text.__sfp_lock_release
                0x004028ac        0xc c:/program files (x86)/atmel/studio/7.0/toolchain/arm/arm-gnu-toolchain/bin/../lib/gcc/arm-none-eabi/6.3.1/../../../../arm-none-eabi/lib/thumb/v7e-m\libc.a(lib_a-findfp.o)
                0x004028ac                __sfp_lock_release
 .text.__libc_fini_array
                0x004028b8       0x34 c:/program files (x86)/atmel/studio/7.0/toolchain/arm/arm-gnu-toolchain/bin/../lib/gcc/arm-none-eabi/6.3.1/../../../../arm-none-eabi/lib/thumb/v7e-m\libc.a(lib_a-fini.o)
                0x004028b8                __libc_fini_array
 .text.__fputwc
                0x004028ec       0xa0 c:/program files (x86)/atmel/studio/7.0/toolchain/arm/arm-gnu-toolchain/bin/../lib/gcc/arm-none-eabi/6.3.1/../../../../arm-none-eabi/lib/thumb/v7e-m\libc.a(lib_a-fputwc.o)
                0x004028ec                __fputwc
 .text._fputwc_r
                0x0040298c       0x68 c:/program files (x86)/atmel/studio/7.0/toolchain/arm/arm-gnu-toolchain/bin/../lib/gcc/arm-none-eabi/6.3.1/../../../../arm-none-eabi/lib/thumb/v7e-m\libc.a(lib_a-fputwc.o)
                0x0040298c                _fputwc_r
 .text._malloc_trim_r
                0x004029f4       0xa0 c:/program files (x86)/atmel/studio/7.0/toolchain/arm/arm-gnu-toolchain/bin/../lib/gcc/arm-none-eabi/6.3.1/../../../../arm-none-eabi/lib/thumb/v7e-m\libc.a(lib_a-freer.o)
                0x004029f4                _malloc_trim_r
 .text._free_r  0x00402a94      0x1cc c:/program files (x86)/atmel/studio/7.0/toolchain/arm/arm-gnu-toolchain/bin/../lib/gcc/arm-none-eabi/6.3.1/../../../../arm-none-eabi/lib/thumb/v7e-m\libc.a(lib_a-freer.o)
                0x00402a94                _free_r
 .text.__sfvwrite_r
                0x00402c60      0x2f0 c:/program files (x86)/atmel/studio/7.0/toolchain/arm/arm-gnu-toolchain/bin/../lib/gcc/arm-none-eabi/6.3.1/../../../../arm-none-eabi/lib/thumb/v7e-m\libc.a(lib_a-fvwrite.o)
                0x00402c60                __sfvwrite_r
 .text._fwalk_reent
                0x00402f50       0x54 c:/program files (x86)/atmel/studio/7.0/toolchain/arm/arm-gnu-toolchain/bin/../lib/gcc/arm-none-eabi/6.3.1/../../../../arm-none-eabi/lib/thumb/v7e-m\libc.a(lib_a-fwalk.o)
                0x00402f50                _fwalk_reent
 .text.__locale_mb_cur_max
                0x00402fa4       0x1c c:/program files (x86)/atmel/studio/7.0/toolchain/arm/arm-gnu-toolchain/bin/../lib/gcc/arm-none-eabi/6.3.1/../../../../arm-none-eabi/lib/thumb/v7e-m\libc.a(lib_a-locale.o)
                0x00402fa4                __locale_mb_cur_max
 .text.__retarget_lock_init_recursive
                0x00402fc0        0x4 c:/program files (x86)/atmel/studio/7.0/toolchain/arm/arm-gnu-toolchain/bin/../lib/gcc/arm-none-eabi/6.3.1/../../../../arm-none-eabi/lib/thumb/v7e-m\libc.a(lib_a-lock.o)
                0x00402fc0                __retarget_lock_init_recursive
 .text.__retarget_lock_close_recursive
                0x00402fc4        0x4 c:/program files (x86)/atmel/studio/7.0/toolchain/arm/arm-gnu-toolchain/bin/../lib/gcc/arm-none-eabi/6.3.1/../../../../arm-none-eabi/lib/thumb/v7e-m\libc.a(lib_a-lock.o)
                0x00402fc4                __retarget_lock_close_recursive
 .text.__retarget_lock_acquire_recursive
                0x00402fc8        0x4 c:/program files (x86)/atmel/studio/7.0/toolchain/arm/arm-gnu-toolchain/bin/../lib/gcc/arm-none-eabi/6.3.1/../../../../arm-none-eabi/lib/thumb/v7e-m\libc.a(lib_a-lock.o)
                0x00402fc8                __retarget_lock_acquire_recursive
 .text.__retarget_lock_release_recursive
                0x00402fcc        0x4 c:/program files (x86)/atmel/studio/7.0/toolchain/arm/arm-gnu-toolchain/bin/../lib/gcc/arm-none-eabi/6.3.1/../../../../arm-none-eabi/lib/thumb/v7e-m\libc.a(lib_a-lock.o)
                0x00402fcc                __retarget_lock_release_recursive
 .text.__swhatbuf_r
                0x00402fd0       0x5c c:/program files (x86)/atmel/studio/7.0/toolchain/arm/arm-gnu-toolchain/bin/../lib/gcc/arm-none-eabi/6.3.1/../../../../arm-none-eabi/lib/thumb/v7e-m\libc.a(lib_a-makebuf.o)
                0x00402fd0                __swhatbuf_r
 .text.__smakebuf_r
                0x0040302c       0x94 c:/program files (x86)/atmel/studio/7.0/toolchain/arm/arm-gnu-toolchain/bin/../lib/gcc/arm-none-eabi/6.3.1/../../../../arm-none-eabi/lib/thumb/v7e-m\libc.a(lib_a-makebuf.o)
                0x0040302c                __smakebuf_r
 .text.malloc   0x004030c0       0x10 c:/program files (x86)/atmel/studio/7.0/toolchain/arm/arm-gnu-toolchain/bin/../lib/gcc/arm-none-eabi/6.3.1/../../../../arm-none-eabi/lib/thumb/v7e-m\libc.a(lib_a-malloc.o)
                0x004030c0                malloc
 .text._malloc_r
                0x004030d0      0x560 c:/program files (x86)/atmel/studio/7.0/toolchain/arm/arm-gnu-toolchain/bin/../lib/gcc/arm-none-eabi/6.3.1/../../../../arm-none-eabi/lib/thumb/v7e-m\libc.a(lib_a-mallocr.o)
                0x004030d0                _malloc_r
 .text.__ascii_mbtowc
                0x00403630       0x2c c:/program files (x86)/atmel/studio/7.0/toolchain/arm/arm-gnu-toolchain/bin/../lib/gcc/arm-none-eabi/6.3.1/../../../../arm-none-eabi/lib/thumb/v7e-m\libc.a(lib_a-mbtowc_r.o)
                0x00403630                __ascii_mbtowc
 *fill*         0x0040365c        0x4 
 .text          0x00403660       0xa0 c:/program files (x86)/atmel/studio/7.0/toolchain/arm/arm-gnu-toolchain/bin/../lib/gcc/arm-none-eabi/6.3.1/../../../../arm-none-eabi/lib/thumb/v7e-m\libc.a(lib_a-memchr.o)
                0x00403660                memchr
 .text          0x00403700      0x134 c:/program files (x86)/atmel/studio/7.0/toolchain/arm/arm-gnu-toolchain/bin/../lib/gcc/arm-none-eabi/6.3.1/../../../../arm-none-eabi/lib/thumb/v7e-m\libc.a(lib_a-memcpy.o)
                0x00403700                memcpy
 .text.memmove  0x00403834       0xc8 c:/program files (x86)/atmel/studio/7.0/toolchain/arm/arm-gnu-toolchain/bin/../lib/gcc/arm-none-eabi/6.3.1/../../../../arm-none-eabi/lib/thumb/v7e-m\libc.a(lib_a-memmove.o)
                0x00403834                memmove
 .text.__malloc_lock
                0x004038fc        0xc c:/program files (x86)/atmel/studio/7.0/toolchain/arm/arm-gnu-toolchain/bin/../lib/gcc/arm-none-eabi/6.3.1/../../../../arm-none-eabi/lib/thumb/v7e-m\libc.a(lib_a-mlock.o)
                0x004038fc                __malloc_lock
 .text.__malloc_unlock
                0x00403908        0xc c:/program files (x86)/atmel/studio/7.0/toolchain/arm/arm-gnu-toolchain/bin/../lib/gcc/arm-none-eabi/6.3.1/../../../../arm-none-eabi/lib/thumb/v7e-m\libc.a(lib_a-mlock.o)
                0x00403908                __malloc_unlock
 .text._realloc_r
                0x00403914      0x34c c:/program files (x86)/atmel/studio/7.0/toolchain/arm/arm-gnu-toolchain/bin/../lib/gcc/arm-none-eabi/6.3.1/../../../../arm-none-eabi/lib/thumb/v7e-m\libc.a(lib_a-reallocr.o)
                0x00403914                _realloc_r
 .text._sbrk_r  0x00403c60       0x24 c:/program files (x86)/atmel/studio/7.0/toolchain/arm/arm-gnu-toolchain/bin/../lib/gcc/arm-none-eabi/6.3.1/../../../../arm-none-eabi/lib/thumb/v7e-m\libc.a(lib_a-sbrkr.o)
                0x00403c60                _sbrk_r
 .text.__sread  0x00403c84       0x24 c:/program files (x86)/atmel/studio/7.0/toolchain/arm/arm-gnu-toolchain/bin/../lib/gcc/arm-none-eabi/6.3.1/../../../../arm-none-eabi/lib/thumb/v7e-m\libc.a(lib_a-stdio.o)
                0x00403c84                __sread
 .text.__swrite
                0x00403ca8       0x3c c:/program files (x86)/atmel/studio/7.0/toolchain/arm/arm-gnu-toolchain/bin/../lib/gcc/arm-none-eabi/6.3.1/../../../../arm-none-eabi/lib/thumb/v7e-m\libc.a(lib_a-stdio.o)
                0x00403ca8                __swrite
 .text.__sseek  0x00403ce4       0x20 c:/program files (x86)/atmel/studio/7.0/toolchain/arm/arm-gnu-toolchain/bin/../lib/gcc/arm-none-eabi/6.3.1/../../../../arm-none-eabi/lib/thumb/v7e-m\libc.a(lib_a-stdio.o)
                0x00403ce4                __sseek
 .text.__sclose
                0x00403d04        0x8 c:/program files (x86)/atmel/studio/7.0/toolchain/arm/arm-gnu-toolchain/bin/../lib/gcc/arm-none-eabi/6.3.1/../../../../arm-none-eabi/lib/thumb/v7e-m\libc.a(lib_a-stdio.o)
                0x00403d04                __sclose
 .text.__swbuf_r
                0x00403d0c       0xb0 c:/program files (x86)/atmel/studio/7.0/toolchain/arm/arm-gnu-toolchain/bin/../lib/gcc/arm-none-eabi/6.3.1/../../../../arm-none-eabi/lib/thumb/v7e-m\libc.a(lib_a-wbuf.o)
                0x00403d0c                __swbuf_r
 .text._wcrtomb_r
                0x00403dbc       0x54 c:/program files (x86)/atmel/studio/7.0/toolchain/arm/arm-gnu-toolchain/bin/../lib/gcc/arm-none-eabi/6.3.1/../../../../arm-none-eabi/lib/thumb/v7e-m\libc.a(lib_a-wcrtomb.o)
                0x00403dbc                _wcrtomb_r
 .text.__ascii_wctomb
                0x00403e10       0x1c c:/program files (x86)/atmel/studio/7.0/toolchain/arm/arm-gnu-toolchain/bin/../lib/gcc/arm-none-eabi/6.3.1/../../../../arm-none-eabi/lib/thumb/v7e-m\libc.a(lib_a-wctomb_r.o)
                0x00403e10                __ascii_wctomb
 .text._write_r
                0x00403e2c       0x2c c:/program files (x86)/atmel/studio/7.0/toolchain/arm/arm-gnu-toolchain/bin/../lib/gcc/arm-none-eabi/6.3.1/../../../../arm-none-eabi/lib/thumb/v7e-m\libc.a(lib_a-writer.o)
                0x00403e2c                _write_r
 .text.__register_exitproc
                0x00403e58       0xc4 c:/program files (x86)/atmel/studio/7.0/toolchain/arm/arm-gnu-toolchain/bin/../lib/gcc/arm-none-eabi/6.3.1/../../../../arm-none-eabi/lib/thumb/v7e-m\libc.a(lib_a-__atexit.o)
                0x00403e58                __register_exitproc
 .text._close_r
                0x00403f1c       0x24 c:/program files (x86)/atmel/studio/7.0/toolchain/arm/arm-gnu-toolchain/bin/../lib/gcc/arm-none-eabi/6.3.1/../../../../arm-none-eabi/lib/thumb/v7e-m\libc.a(lib_a-closer.o)
                0x00403f1c                _close_r
 .text._fclose_r
                0x00403f40       0xc4 c:/program files (x86)/atmel/studio/7.0/toolchain/arm/arm-gnu-toolchain/bin/../lib/gcc/arm-none-eabi/6.3.1/../../../../arm-none-eabi/lib/thumb/v7e-m\libc.a(lib_a-fclose.o)
                0x00403f40                _fclose_r
 .text._fstat_r
                0x00404004       0x28 c:/program files (x86)/atmel/studio/7.0/toolchain/arm/arm-gnu-toolchain/bin/../lib/gcc/arm-none-eabi/6.3.1/../../../../arm-none-eabi/lib/thumb/v7e-m\libc.a(lib_a-fstatr.o)
                0x00404004                _fstat_r
 .text._isatty_r
                0x0040402c       0x24 c:/program files (x86)/atmel/studio/7.0/toolchain/arm/arm-gnu-toolchain/bin/../lib/gcc/arm-none-eabi/6.3.1/../../../../arm-none-eabi/lib/thumb/v7e-m\libc.a(lib_a-isattyr.o)
                0x0040402c                _isatty_r
 .text._lseek_r
                0x00404050       0x2c c:/program files (x86)/atmel/studio/7.0/toolchain/arm/arm-gnu-toolchain/bin/../lib/gcc/arm-none-eabi/6.3.1/../../../../arm-none-eabi/lib/thumb/v7e-m\libc.a(lib_a-lseekr.o)
                0x00404050                _lseek_r
 .text._read_r  0x0040407c       0x2c c:/program files (x86)/atmel/studio/7.0/toolchain/arm/arm-gnu-toolchain/bin/../lib/gcc/arm-none-eabi/6.3.1/../../../../arm-none-eabi/lib/thumb/v7e-m\libc.a(lib_a-readr.o)
                0x0040407c                _read_r
 .text          0x004040a8       0x30 c:/program files (x86)/atmel/studio/7.0/toolchain/arm/arm-gnu-toolchain/bin/../lib/gcc/arm-none-eabi/6.3.1/thumb/v7e-m\libgcc.a(_aeabi_uldivmod.o)
                0x004040a8                __aeabi_uldivmod
 .text          0x004040d8      0x2dc c:/program files (x86)/atmel/studio/7.0/toolchain/arm/arm-gnu-toolchain/bin/../lib/gcc/arm-none-eabi/6.3.1/thumb/v7e-m\libgcc.a(_udivmoddi4.o)
                0x004040d8                __udivmoddi4
 .text          0x004043b4        0x4 c:/program files (x86)/atmel/studio/7.0/toolchain/arm/arm-gnu-toolchain/bin/../lib/gcc/arm-none-eabi/6.3.1/thumb/v7e-m\libgcc.a(_dvmd_tls.o)
                0x004043b4                __aeabi_idiv0
                0x004043b4                __aeabi_ldiv0
 *(.glue_7t)
 .glue_7t       0x004043b8        0x0 linker stubs
 *(.glue_7)
 .glue_7        0x004043b8        0x0 linker stubs
 *(.rodata .rodata* .gnu.linkonce.r.*)
 .rodata.gc_us_sine_data
                0x004043b8       0xc8 src/sinewave_example.o
                0x004043b8                gc_us_sine_data
 .rodata.main.str1.4
                0x00404480      0x221 src/sinewave_example.o
 *fill*         0x004046a1        0x3 
 .rodata._global_impure_ptr
                0x004046a4        0x4 c:/program files (x86)/atmel/studio/7.0/toolchain/arm/arm-gnu-toolchain/bin/../lib/gcc/arm-none-eabi/6.3.1/../../../../arm-none-eabi/lib/thumb/v7e-m\libc.a(lib_a-impure.o)
                0x004046a4                _global_impure_ptr
 .rodata._puts_r.str1.4
                0x004046a8        0x2 c:/program files (x86)/atmel/studio/7.0/toolchain/arm/arm-gnu-toolchain/bin/../lib/gcc/arm-none-eabi/6.3.1/../../../../arm-none-eabi/lib/thumb/v7e-m\libc.a(lib_a-puts.o)
 *fill*         0x004046aa        0x2 
 .rodata._vfiprintf_r.str1.4
                0x004046ac       0x2f c:/program files (x86)/atmel/studio/7.0/toolchain/arm/arm-gnu-toolchain/bin/../lib/gcc/arm-none-eabi/6.3.1/../../../../arm-none-eabi/lib/thumb/v7e-m\libc.a(lib_a-vfiprintf.o)
 *fill*         0x004046db        0x1 
 .rodata.blanks.7217
                0x004046dc       0x10 c:/program files (x86)/atmel/studio/7.0/toolchain/arm/arm-gnu-toolchain/bin/../lib/gcc/arm-none-eabi/6.3.1/../../../../arm-none-eabi/lib/thumb/v7e-m\libc.a(lib_a-vfiprintf.o)
 .rodata.zeroes.7218
                0x004046ec       0x10 c:/program files (x86)/atmel/studio/7.0/toolchain/arm/arm-gnu-toolchain/bin/../lib/gcc/arm-none-eabi/6.3.1/../../../../arm-none-eabi/lib/thumb/v7e-m\libc.a(lib_a-vfiprintf.o)
 .rodata._setlocale_r.str1.4
                0x004046fc        0xa c:/program files (x86)/atmel/studio/7.0/toolchain/arm/arm-gnu-toolchain/bin/../lib/gcc/arm-none-eabi/6.3.1/../../../../arm-none-eabi/lib/thumb/v7e-m\libc.a(lib_a-locale.o)
                                  0xd (size before relaxing)
 *fill*         0x00404706        0x2 
 .rodata.str1.4
                0x00404708        0x4 c:/program files (x86)/atmel/studio/7.0/toolchain/arm/arm-gnu-toolchain/bin/../lib/gcc/arm-none-eabi/6.3.1/../../../../arm-none-eabi/lib/thumb/v7e-m\libc.a(lib_a-locale.o)
                                  0x2 (size before relaxing)
 .rodata._ctype_
                0x0040470c      0x101 c:/program files (x86)/atmel/studio/7.0/toolchain/arm/arm-gnu-toolchain/bin/../lib/gcc/arm-none-eabi/6.3.1/../../../../arm-none-eabi/lib/thumb/v7e-m\libc.a(lib_a-ctype_.o)
                0x0040470c                _ctype_
 *(.ARM.extab* .gnu.linkonce.armextab.*)
                0x00404810                . = ALIGN (0x4)
 *fill*         0x0040480d        0x3 
 *(.init)
 .init          0x00404810        0x4 c:/program files (x86)/atmel/studio/7.0/toolchain/arm/arm-gnu-toolchain/bin/../lib/gcc/arm-none-eabi/6.3.1/thumb/v7e-m/crti.o
                0x00404810                _init
 .init          0x00404814        0x8 c:/program files (x86)/atmel/studio/7.0/toolchain/arm/arm-gnu-toolchain/bin/../lib/gcc/arm-none-eabi/6.3.1/thumb/v7e-m/crtn.o
                0x0040481c                . = ALIGN (0x4)
                0x0040481c                __preinit_array_start = .
 *(.preinit_array)
                0x0040481c                __preinit_array_end = .
                0x0040481c                . = ALIGN (0x4)
                0x0040481c                __init_array_start = .
 *(SORT(.init_array.*))
 .init_array.00000
                0x0040481c        0x4 c:/program files (x86)/atmel/studio/7.0/toolchain/arm/arm-gnu-toolchain/bin/../lib/gcc/arm-none-eabi/6.3.1/../../../../arm-none-eabi/lib/thumb/v7e-m\libc.a(lib_a-__call_atexit.o)
 *(.init_array)
 .init_array    0x00404820        0x4 c:/program files (x86)/atmel/studio/7.0/toolchain/arm/arm-gnu-toolchain/bin/../lib/gcc/arm-none-eabi/6.3.1/thumb/v7e-m/crtbegin.o
                0x00404824                __init_array_end = .
                0x00404824                . = ALIGN (0x4)
 *crtbegin.o(.ctors)
 *(EXCLUDE_FILE(*crtend.o) .ctors)
 *(SORT(.ctors.*))
 *crtend.o(.ctors)
                0x00404824                . = ALIGN (0x4)
 *(.fini)
 .fini          0x00404824        0x4 c:/program files (x86)/atmel/studio/7.0/toolchain/arm/arm-gnu-toolchain/bin/../lib/gcc/arm-none-eabi/6.3.1/thumb/v7e-m/crti.o
                0x00404824                _fini
 .fini          0x00404828        0x8 c:/program files (x86)/atmel/studio/7.0/toolchain/arm/arm-gnu-toolchain/bin/../lib/gcc/arm-none-eabi/6.3.1/thumb/v7e-m/crtn.o
                0x00404830                . = ALIGN (0x4)
                0x00404830                __fini_array_start = .
 *(.fini_array)
 .fini_array    0x00404830        0x4 c:/program files (x86)/atmel/studio/7.0/toolchain/arm/arm-gnu-toolchain/bin/../lib/gcc/arm-none-eabi/6.3.1/thumb/v7e-m/crtbegin.o
 *(SORT(.fini_array.*))
                0x00404834                __fini_array_end = .
 *crtbegin.o(.dtors)
 *(EXCLUDE_FILE(*crtend.o) .dtors)
 *(SORT(.dtors.*))
 *crtend.o(.dtors)
                0x00404834                . = ALIGN (0x4)
                0x00404834                _efixed = .
                [!provide]                PROVIDE (__exidx_start, .)

.vfp11_veneer   0x00404834        0x0
 .vfp11_veneer  0x00404834        0x0 linker stubs

.v4_bx          0x00404834        0x0
 .v4_bx         0x00404834        0x0 linker stubs

.iplt           0x00404834        0x0
 .iplt          0x00404834        0x0 c:/program files (x86)/atmel/studio/7.0/toolchain/arm/arm-gnu-toolchain/bin/../lib/gcc/arm-none-eabi/6.3.1/thumb/v7e-m/crtbegin.o

.ARM.exidx      0x00404834        0x8
 *(.ARM.exidx* .gnu.linkonce.armexidx.*)
 .ARM.exidx     0x00404834        0x8 c:/program files (x86)/atmel/studio/7.0/toolchain/arm/arm-gnu-toolchain/bin/../lib/gcc/arm-none-eabi/6.3.1/thumb/v7e-m\libgcc.a(_udivmoddi4.o)
                [!provide]                PROVIDE (__exidx_end, .)

.eh_frame       0x0040483c        0x0
 .eh_frame      0x0040483c        0x0 c:/program files (x86)/atmel/studio/7.0/toolchain/arm/arm-gnu-toolchain/bin/../lib/gcc/arm-none-eabi/6.3.1/thumb/v7e-m/crtbegin.o

.rel.dyn        0x0040483c        0x0
 .rel.iplt      0x0040483c        0x0 c:/program files (x86)/atmel/studio/7.0/toolchain/arm/arm-gnu-toolchain/bin/../lib/gcc/arm-none-eabi/6.3.1/thumb/v7e-m/crtbegin.o

.jcr            0x0040483c        0x0
 .jcr           0x0040483c        0x0 c:/program files (x86)/atmel/studio/7.0/toolchain/arm/arm-gnu-toolchain/bin/../lib/gcc/arm-none-eabi/6.3.1/thumb/v7e-m/crtbegin.o

.igot.plt       0x0040483c        0x0
 .igot.plt      0x0040483c        0x0 c:/program files (x86)/atmel/studio/7.0/toolchain/arm/arm-gnu-toolchain/bin/../lib/gcc/arm-none-eabi/6.3.1/thumb/v7e-m/crtbegin.o
                0x0040483c                . = ALIGN (0x4)
                0x0040483c                _etext = .

.relocate       0x20400000      0x9b8 load address 0x0040483c
                0x20400000                . = ALIGN (0x4)
                0x20400000                _srelocate = .
 *(.ramfunc .ramfunc.*)
 *(.data .data.*)
 .data.g_interrupt_enabled
                0x20400000        0x1 src/ASF/common/utils/interrupt/interrupt_sam_nvic.o
                0x20400000                g_interrupt_enabled
 *fill*         0x20400001        0x3 
 .data.SystemCoreClock
                0x20400004        0x4 src/ASF/sam/utils/cmsis/same70/source/templates/system_same70.o
                0x20400004                SystemCoreClock
 .data._impure_ptr
                0x20400008        0x4 c:/program files (x86)/atmel/studio/7.0/toolchain/arm/arm-gnu-toolchain/bin/../lib/gcc/arm-none-eabi/6.3.1/../../../../arm-none-eabi/lib/thumb/v7e-m\libc.a(lib_a-impure.o)
                0x20400008                _impure_ptr
 *fill*         0x2040000c        0x4 
 .data.impure_data
                0x20400010      0x428 c:/program files (x86)/atmel/studio/7.0/toolchain/arm/arm-gnu-toolchain/bin/../lib/gcc/arm-none-eabi/6.3.1/../../../../arm-none-eabi/lib/thumb/v7e-m\libc.a(lib_a-impure.o)
 .data.__atexit_recursive_mutex
                0x20400438        0x4 c:/program files (x86)/atmel/studio/7.0/toolchain/arm/arm-gnu-toolchain/bin/../lib/gcc/arm-none-eabi/6.3.1/../../../../arm-none-eabi/lib/thumb/v7e-m\libc.a(lib_a-__call_atexit.o)
                0x20400438                __atexit_recursive_mutex
 .data.__global_locale
                0x2040043c      0x16c c:/program files (x86)/atmel/studio/7.0/toolchain/arm/arm-gnu-toolchain/bin/../lib/gcc/arm-none-eabi/6.3.1/../../../../arm-none-eabi/lib/thumb/v7e-m\libc.a(lib_a-locale.o)
                0x2040043c                __global_locale
 .data.__malloc_av_
                0x204005a8      0x408 c:/program files (x86)/atmel/studio/7.0/toolchain/arm/arm-gnu-toolchain/bin/../lib/gcc/arm-none-eabi/6.3.1/../../../../arm-none-eabi/lib/thumb/v7e-m\libc.a(lib_a-mallocr.o)
                0x204005a8                __malloc_av_
 .data.__malloc_sbrk_base
                0x204009b0        0x4 c:/program files (x86)/atmel/studio/7.0/toolchain/arm/arm-gnu-toolchain/bin/../lib/gcc/arm-none-eabi/6.3.1/../../../../arm-none-eabi/lib/thumb/v7e-m\libc.a(lib_a-mallocr.o)
                0x204009b0                __malloc_sbrk_base
 .data.__malloc_trim_threshold
                0x204009b4        0x4 c:/program files (x86)/atmel/studio/7.0/toolchain/arm/arm-gnu-toolchain/bin/../lib/gcc/arm-none-eabi/6.3.1/../../../../arm-none-eabi/lib/thumb/v7e-m\libc.a(lib_a-mallocr.o)
                0x204009b4                __malloc_trim_threshold
                0x204009b8                . = ALIGN (0x4)
                0x204009b8                _erelocate = .

.bss            0x204009b8      0x124 load address 0x004051f4
                0x204009b8                . = ALIGN (0x4)
                0x204009b8                _sbss = .
                0x204009b8                _szero = .
 *(.bss .bss.*)
 .bss           0x204009b8       0x1c c:/program files (x86)/atmel/studio/7.0/toolchain/arm/arm-gnu-toolchain/bin/../lib/gcc/arm-none-eabi/6.3.1/thumb/v7e-m/crtbegin.o
 .bss.gs_interrupt_sources
                0x204009d4       0x70 src/ASF/sam/drivers/pio/pio_handler.o
 .bss.gs_ul_nb_sources
                0x20400a44        0x4 src/ASF/sam/drivers/pio/pio_handler.o
 .bss.ul_reg_val.9514
                0x20400a48        0x4 src/ASF/sam/drivers/usart/usart.o
 .bss.heap.6420
                0x20400a4c        0x4 src/ASF/sam/utils/syscalls/gcc/syscalls.o
 .bss.b1        0x20400a50        0x4 src/sinewave_example.o
                0x20400a50                b1
 .bss.b2        0x20400a54        0x4 src/sinewave_example.o
                0x20400a54                b2
 .bss.b3        0x20400a58        0x4 src/sinewave_example.o
                0x20400a58                b3
 .bss.b4        0x20400a5c        0x4 src/sinewave_example.o
                0x20400a5c                b4
 .bss.b5        0x20400a60        0x4 src/sinewave_example.o
                0x20400a60                b5
 .bss.g_l_amplitude
                0x20400a64        0x4 src/sinewave_example.o
                0x20400a64                g_l_amplitude
 .bss.g_uc_wave_sel
                0x20400a68        0x1 src/sinewave_example.o
                0x20400a68                g_uc_wave_sel
 *fill*         0x20400a69        0x3 
 .bss.g_ul_frequency
                0x20400a6c        0x4 src/sinewave_example.o
                0x20400a6c                g_ul_frequency
 .bss.g_ul_index_sample
                0x20400a70        0x4 src/sinewave_example.o
                0x20400a70                g_ul_index_sample
 .bss.__malloc_current_mallinfo
                0x20400a74       0x28 c:/program files (x86)/atmel/studio/7.0/toolchain/arm/arm-gnu-toolchain/bin/../lib/gcc/arm-none-eabi/6.3.1/../../../../arm-none-eabi/lib/thumb/v7e-m\libc.a(lib_a-mallocr.o)
                0x20400a74                __malloc_current_mallinfo
 .bss.__malloc_max_sbrked_mem
                0x20400a9c        0x4 c:/program files (x86)/atmel/studio/7.0/toolchain/arm/arm-gnu-toolchain/bin/../lib/gcc/arm-none-eabi/6.3.1/../../../../arm-none-eabi/lib/thumb/v7e-m\libc.a(lib_a-mallocr.o)
                0x20400a9c                __malloc_max_sbrked_mem
 .bss.__malloc_max_total_mem
                0x20400aa0        0x4 c:/program files (x86)/atmel/studio/7.0/toolchain/arm/arm-gnu-toolchain/bin/../lib/gcc/arm-none-eabi/6.3.1/../../../../arm-none-eabi/lib/thumb/v7e-m\libc.a(lib_a-mallocr.o)
                0x20400aa0                __malloc_max_total_mem
 .bss.__malloc_top_pad
                0x20400aa4        0x4 c:/program files (x86)/atmel/studio/7.0/toolchain/arm/arm-gnu-toolchain/bin/../lib/gcc/arm-none-eabi/6.3.1/../../../../arm-none-eabi/lib/thumb/v7e-m\libc.a(lib_a-mallocr.o)
                0x20400aa4                __malloc_top_pad
 *(COMMON)
 COMMON         0x20400aa8        0x4 src/ASF/common/utils/stdio/read.o
                0x20400aa8                ptr_get
 COMMON         0x20400aac        0x8 src/ASF/common/utils/stdio/write.o
                0x20400aac                ptr_put
                0x20400ab0                stdio_base
 COMMON         0x20400ab4       0x21 c:/program files (x86)/atmel/studio/7.0/toolchain/arm/arm-gnu-toolchain/bin/../lib/gcc/arm-none-eabi/6.3.1/../../../../arm-none-eabi/lib/thumb/v7e-m\libc.a(lib_a-lock.o)
                0x20400ab4                __lock___atexit_recursive_mutex
                0x20400ab8                __lock___arc4random_mutex
                0x20400abc                __lock___env_recursive_mutex
                0x20400ac0                __lock___sinit_recursive_mutex
                0x20400ac4                __lock___malloc_recursive_mutex
                0x20400ac8                __lock___at_quick_exit_mutex
                0x20400acc                __lock___dd_hash_mutex
                0x20400ad0                __lock___tz_mutex
                0x20400ad4                __lock___sfp_recursive_mutex
 *fill*         0x20400ad5        0x3 
 COMMON         0x20400ad8        0x4 c:/program files (x86)/atmel/studio/7.0/toolchain/arm/arm-gnu-toolchain/bin/../lib/gcc/arm-none-eabi/6.3.1/../../../../arm-none-eabi/lib/thumb/v7e-m\libc.a(lib_a-reent.o)
                0x20400ad8                errno
                0x20400adc                . = ALIGN (0x4)
                0x20400adc                _ebss = .
                0x20400adc                _ezero = .

.stack          0x20400adc     0x2004 load address 0x00405318
                0x20400ae0                . = ALIGN (0x8)
 *fill*         0x20400adc        0x4 
                0x20400ae0                _sstack = .
                0x20402ae0                . = (. + STACK_SIZE)
 *fill*         0x20400ae0     0x2000 
                0x20402ae0                . = ALIGN (0x8)
                0x20402ae0                _estack = .

.heap           0x20402ae0      0x200 load address 0x0040731c
                0x20402ae0                . = ALIGN (0x8)
                0x20402ae0                _sheap = .
                0x20402ce0                . = (. + HEAP_SIZE)
 *fill*         0x20402ae0      0x200 
                0x20402ce0                . = ALIGN (0x8)
                0x20402ce0                _eheap = .
                0x20402ce0                . = ALIGN (0x4)
                0x20402ce0                _end = .
                0x2045ffff                _ram_end_ = ((ORIGIN (ram) + LENGTH (ram)) - 0x1)
OUTPUT(DACC_SINEWAVE_EXAMPLE2.elf elf32-littlearm)

.ARM.attributes
                0x00000000       0x2e
 .ARM.attributes
                0x00000000       0x1e c:/program files (x86)/atmel/studio/7.0/toolchain/arm/arm-gnu-toolchain/bin/../lib/gcc/arm-none-eabi/6.3.1/thumb/v7e-m/crti.o
 .ARM.attributes
                0x0000001e       0x2e c:/program files (x86)/atmel/studio/7.0/toolchain/arm/arm-gnu-toolchain/bin/../lib/gcc/arm-none-eabi/6.3.1/thumb/v7e-m/crtbegin.o
 .ARM.attributes
                0x0000004c       0x37 src/ASF/common/services/clock/same70/sysclk.o
 .ARM.attributes
                0x00000083       0x37 src/ASF/common/utils/interrupt/interrupt_sam_nvic.o
 .ARM.attributes
                0x000000ba       0x37 src/ASF/common/utils/stdio/read.o
 .ARM.attributes
                0x000000f1       0x37 src/ASF/common/utils/stdio/write.o
 .ARM.attributes
                0x00000128       0x37 src/ASF/sam/boards/same70_xplained/init.o
 .ARM.attributes
                0x0000015f       0x37 src/ASF/sam/drivers/dacc/dacc.o
 .ARM.attributes
                0x00000196       0x37 src/ASF/sam/drivers/pio/pio.o
 .ARM.attributes
                0x000001cd       0x37 src/ASF/sam/drivers/pio/pio_handler.o
 .ARM.attributes
                0x00000204       0x37 src/ASF/sam/drivers/pmc/pmc.o
 .ARM.attributes
                0x0000023b       0x37 src/ASF/sam/drivers/uart/uart.o
 .ARM.attributes
                0x00000272       0x37 src/ASF/sam/drivers/usart/usart.o
 .ARM.attributes
                0x000002a9       0x37 src/ASF/sam/utils/cmsis/same70/source/templates/gcc/startup_same70.o
 .ARM.attributes
                0x000002e0       0x37 src/ASF/sam/utils/cmsis/same70/source/templates/system_same70.o
 .ARM.attributes
                0x00000317       0x37 src/ASF/sam/utils/syscalls/gcc/syscalls.o
 .ARM.attributes
                0x0000034e       0x37 src/sinewave_example.o
 .ARM.attributes
                0x00000385       0x2e c:/program files (x86)/atmel/studio/7.0/toolchain/arm/arm-gnu-toolchain/bin/../lib/gcc/arm-none-eabi/6.3.1/../../../../arm-none-eabi/lib/thumb/v7e-m\libc.a(lib_a-impure.o)
 .ARM.attributes
                0x000003b3       0x2e c:/program files (x86)/atmel/studio/7.0/toolchain/arm/arm-gnu-toolchain/bin/../lib/gcc/arm-none-eabi/6.3.1/../../../../arm-none-eabi/lib/thumb/v7e-m\libc.a(lib_a-init.o)
 .ARM.attributes
                0x000003e1       0x2e c:/program files (x86)/atmel/studio/7.0/toolchain/arm/arm-gnu-toolchain/bin/../lib/gcc/arm-none-eabi/6.3.1/../../../../arm-none-eabi/lib/thumb/v7e-m\libc.a(lib_a-iprintf.o)
 .ARM.attributes
                0x0000040f       0x2e c:/program files (x86)/atmel/studio/7.0/toolchain/arm/arm-gnu-toolchain/bin/../lib/gcc/arm-none-eabi/6.3.1/../../../../arm-none-eabi/lib/thumb/v7e-m\libc.a(lib_a-memset.o)
 .ARM.attributes
                0x0000043d       0x2e c:/program files (x86)/atmel/studio/7.0/toolchain/arm/arm-gnu-toolchain/bin/../lib/gcc/arm-none-eabi/6.3.1/../../../../arm-none-eabi/lib/thumb/v7e-m\libc.a(lib_a-puts.o)
 .ARM.attributes
                0x0000046b       0x2e c:/program files (x86)/atmel/studio/7.0/toolchain/arm/arm-gnu-toolchain/bin/../lib/gcc/arm-none-eabi/6.3.1/../../../../arm-none-eabi/lib/thumb/v7e-m\libc.a(lib_a-setbuf.o)
 .ARM.attributes
                0x00000499       0x2e c:/program files (x86)/atmel/studio/7.0/toolchain/arm/arm-gnu-toolchain/bin/../lib/gcc/arm-none-eabi/6.3.1/../../../../arm-none-eabi/lib/thumb/v7e-m\libc.a(lib_a-setvbuf.o)
 .ARM.attributes
                0x000004c7       0x1c c:/program files (x86)/atmel/studio/7.0/toolchain/arm/arm-gnu-toolchain/bin/../lib/gcc/arm-none-eabi/6.3.1/../../../../arm-none-eabi/lib/thumb/v7e-m\libc.a(lib_a-strlen.o)
 .ARM.attributes
                0x000004e3       0x2e c:/program files (x86)/atmel/studio/7.0/toolchain/arm/arm-gnu-toolchain/bin/../lib/gcc/arm-none-eabi/6.3.1/../../../../arm-none-eabi/lib/thumb/v7e-m\libc.a(lib_a-vfiprintf.o)
 .ARM.attributes
                0x00000511       0x2e c:/program files (x86)/atmel/studio/7.0/toolchain/arm/arm-gnu-toolchain/bin/../lib/gcc/arm-none-eabi/6.3.1/../../../../arm-none-eabi/lib/thumb/v7e-m\libc.a(lib_a-wsetup.o)
 .ARM.attributes
                0x0000053f       0x2e c:/program files (x86)/atmel/studio/7.0/toolchain/arm/arm-gnu-toolchain/bin/../lib/gcc/arm-none-eabi/6.3.1/../../../../arm-none-eabi/lib/thumb/v7e-m\libc.a(lib_a-__call_atexit.o)
 .ARM.attributes
                0x0000056d       0x2e c:/program files (x86)/atmel/studio/7.0/toolchain/arm/arm-gnu-toolchain/bin/../lib/gcc/arm-none-eabi/6.3.1/../../../../arm-none-eabi/lib/thumb/v7e-m\libc.a(lib_a-atexit.o)
 .ARM.attributes
                0x0000059b       0x2e c:/program files (x86)/atmel/studio/7.0/toolchain/arm/arm-gnu-toolchain/bin/../lib/gcc/arm-none-eabi/6.3.1/../../../../arm-none-eabi/lib/thumb/v7e-m\libc.a(lib_a-fflush.o)
 .ARM.attributes
                0x000005c9       0x2e c:/program files (x86)/atmel/studio/7.0/toolchain/arm/arm-gnu-toolchain/bin/../lib/gcc/arm-none-eabi/6.3.1/../../../../arm-none-eabi/lib/thumb/v7e-m\libc.a(lib_a-findfp.o)
 .ARM.attributes
                0x000005f7       0x2e c:/program files (x86)/atmel/studio/7.0/toolchain/arm/arm-gnu-toolchain/bin/../lib/gcc/arm-none-eabi/6.3.1/../../../../arm-none-eabi/lib/thumb/v7e-m\libc.a(lib_a-fini.o)
 .ARM.attributes
                0x00000625       0x2e c:/program files (x86)/atmel/studio/7.0/toolchain/arm/arm-gnu-toolchain/bin/../lib/gcc/arm-none-eabi/6.3.1/../../../../arm-none-eabi/lib/thumb/v7e-m\libc.a(lib_a-fputwc.o)
 .ARM.attributes
                0x00000653       0x2e c:/program files (x86)/atmel/studio/7.0/toolchain/arm/arm-gnu-toolchain/bin/../lib/gcc/arm-none-eabi/6.3.1/../../../../arm-none-eabi/lib/thumb/v7e-m\libc.a(lib_a-freer.o)
 .ARM.attributes
                0x00000681       0x2e c:/program files (x86)/atmel/studio/7.0/toolchain/arm/arm-gnu-toolchain/bin/../lib/gcc/arm-none-eabi/6.3.1/../../../../arm-none-eabi/lib/thumb/v7e-m\libc.a(lib_a-fvwrite.o)
 .ARM.attributes
                0x000006af       0x2e c:/program files (x86)/atmel/studio/7.0/toolchain/arm/arm-gnu-toolchain/bin/../lib/gcc/arm-none-eabi/6.3.1/../../../../arm-none-eabi/lib/thumb/v7e-m\libc.a(lib_a-fwalk.o)
 .ARM.attributes
                0x000006dd       0x2e c:/program files (x86)/atmel/studio/7.0/toolchain/arm/arm-gnu-toolchain/bin/../lib/gcc/arm-none-eabi/6.3.1/../../../../arm-none-eabi/lib/thumb/v7e-m\libc.a(lib_a-locale.o)
 .ARM.attributes
                0x0000070b       0x2e c:/program files (x86)/atmel/studio/7.0/toolchain/arm/arm-gnu-toolchain/bin/../lib/gcc/arm-none-eabi/6.3.1/../../../../arm-none-eabi/lib/thumb/v7e-m\libc.a(lib_a-lock.o)
 .ARM.attributes
                0x00000739       0x2e c:/program files (x86)/atmel/studio/7.0/toolchain/arm/arm-gnu-toolchain/bin/../lib/gcc/arm-none-eabi/6.3.1/../../../../arm-none-eabi/lib/thumb/v7e-m\libc.a(lib_a-makebuf.o)
 .ARM.attributes
                0x00000767       0x2e c:/program files (x86)/atmel/studio/7.0/toolchain/arm/arm-gnu-toolchain/bin/../lib/gcc/arm-none-eabi/6.3.1/../../../../arm-none-eabi/lib/thumb/v7e-m\libc.a(lib_a-malloc.o)
 .ARM.attributes
                0x00000795       0x2e c:/program files (x86)/atmel/studio/7.0/toolchain/arm/arm-gnu-toolchain/bin/../lib/gcc/arm-none-eabi/6.3.1/../../../../arm-none-eabi/lib/thumb/v7e-m\libc.a(lib_a-mallocr.o)
 .ARM.attributes
                0x000007c3       0x2e c:/program files (x86)/atmel/studio/7.0/toolchain/arm/arm-gnu-toolchain/bin/../lib/gcc/arm-none-eabi/6.3.1/../../../../arm-none-eabi/lib/thumb/v7e-m\libc.a(lib_a-mbtowc_r.o)
 .ARM.attributes
                0x000007f1       0x1c c:/program files (x86)/atmel/studio/7.0/toolchain/arm/arm-gnu-toolchain/bin/../lib/gcc/arm-none-eabi/6.3.1/../../../../arm-none-eabi/lib/thumb/v7e-m\libc.a(lib_a-memchr.o)
 .ARM.attributes
                0x0000080d       0x1c c:/program files (x86)/atmel/studio/7.0/toolchain/arm/arm-gnu-toolchain/bin/../lib/gcc/arm-none-eabi/6.3.1/../../../../arm-none-eabi/lib/thumb/v7e-m\libc.a(lib_a-memcpy.o)
 .ARM.attributes
                0x00000829       0x2e c:/program files (x86)/atmel/studio/7.0/toolchain/arm/arm-gnu-toolchain/bin/../lib/gcc/arm-none-eabi/6.3.1/../../../../arm-none-eabi/lib/thumb/v7e-m\libc.a(lib_a-memmove.o)
 .ARM.attributes
                0x00000857       0x2e c:/program files (x86)/atmel/studio/7.0/toolchain/arm/arm-gnu-toolchain/bin/../lib/gcc/arm-none-eabi/6.3.1/../../../../arm-none-eabi/lib/thumb/v7e-m\libc.a(lib_a-mlock.o)
 .ARM.attributes
                0x00000885       0x2e c:/program files (x86)/atmel/studio/7.0/toolchain/arm/arm-gnu-toolchain/bin/../lib/gcc/arm-none-eabi/6.3.1/../../../../arm-none-eabi/lib/thumb/v7e-m\libc.a(lib_a-reallocr.o)
 .ARM.attributes
                0x000008b3       0x2e c:/program files (x86)/atmel/studio/7.0/toolchain/arm/arm-gnu-toolchain/bin/../lib/gcc/arm-none-eabi/6.3.1/../../../../arm-none-eabi/lib/thumb/v7e-m\libc.a(lib_a-sbrkr.o)
 .ARM.attributes
                0x000008e1       0x2e c:/program files (x86)/atmel/studio/7.0/toolchain/arm/arm-gnu-toolchain/bin/../lib/gcc/arm-none-eabi/6.3.1/../../../../arm-none-eabi/lib/thumb/v7e-m\libc.a(lib_a-stdio.o)
 .ARM.attributes
                0x0000090f       0x2e c:/program files (x86)/atmel/studio/7.0/toolchain/arm/arm-gnu-toolchain/bin/../lib/gcc/arm-none-eabi/6.3.1/../../../../arm-none-eabi/lib/thumb/v7e-m\libc.a(lib_a-wbuf.o)
 .ARM.attributes
                0x0000093d       0x2e c:/program files (x86)/atmel/studio/7.0/toolchain/arm/arm-gnu-toolchain/bin/../lib/gcc/arm-none-eabi/6.3.1/../../../../arm-none-eabi/lib/thumb/v7e-m\libc.a(lib_a-wcrtomb.o)
 .ARM.attributes
                0x0000096b       0x2e c:/program files (x86)/atmel/studio/7.0/toolchain/arm/arm-gnu-toolchain/bin/../lib/gcc/arm-none-eabi/6.3.1/../../../../arm-none-eabi/lib/thumb/v7e-m\libc.a(lib_a-wctomb_r.o)
 .ARM.attributes
                0x00000999       0x2e c:/program files (x86)/atmel/studio/7.0/toolchain/arm/arm-gnu-toolchain/bin/../lib/gcc/arm-none-eabi/6.3.1/../../../../arm-none-eabi/lib/thumb/v7e-m\libc.a(lib_a-writer.o)
 .ARM.attributes
                0x000009c7       0x2e c:/program files (x86)/atmel/studio/7.0/toolchain/arm/arm-gnu-toolchain/bin/../lib/gcc/arm-none-eabi/6.3.1/../../../../arm-none-eabi/lib/thumb/v7e-m\libc.a(lib_a-__atexit.o)
 .ARM.attributes
                0x000009f5       0x2e c:/program files (x86)/atmel/studio/7.0/toolchain/arm/arm-gnu-toolchain/bin/../lib/gcc/arm-none-eabi/6.3.1/../../../../arm-none-eabi/lib/thumb/v7e-m\libc.a(lib_a-closer.o)
 .ARM.attributes
                0x00000a23       0x2e c:/program files (x86)/atmel/studio/7.0/toolchain/arm/arm-gnu-toolchain/bin/../lib/gcc/arm-none-eabi/6.3.1/../../../../arm-none-eabi/lib/thumb/v7e-m\libc.a(lib_a-ctype_.o)
 .ARM.attributes
                0x00000a51       0x2e c:/program files (x86)/atmel/studio/7.0/toolchain/arm/arm-gnu-toolchain/bin/../lib/gcc/arm-none-eabi/6.3.1/../../../../arm-none-eabi/lib/thumb/v7e-m\libc.a(lib_a-fclose.o)
 .ARM.attributes
                0x00000a7f       0x2e c:/program files (x86)/atmel/studio/7.0/toolchain/arm/arm-gnu-toolchain/bin/../lib/gcc/arm-none-eabi/6.3.1/../../../../arm-none-eabi/lib/thumb/v7e-m\libc.a(lib_a-fstatr.o)
 .ARM.attributes
                0x00000aad       0x2e c:/program files (x86)/atmel/studio/7.0/toolchain/arm/arm-gnu-toolchain/bin/../lib/gcc/arm-none-eabi/6.3.1/../../../../arm-none-eabi/lib/thumb/v7e-m\libc.a(lib_a-isattyr.o)
 .ARM.attributes
                0x00000adb       0x2e c:/program files (x86)/atmel/studio/7.0/toolchain/arm/arm-gnu-toolchain/bin/../lib/gcc/arm-none-eabi/6.3.1/../../../../arm-none-eabi/lib/thumb/v7e-m\libc.a(lib_a-lseekr.o)
 .ARM.attributes
                0x00000b09       0x2e c:/program files (x86)/atmel/studio/7.0/toolchain/arm/arm-gnu-toolchain/bin/../lib/gcc/arm-none-eabi/6.3.1/../../../../arm-none-eabi/lib/thumb/v7e-m\libc.a(lib_a-readr.o)
 .ARM.attributes
                0x00000b37       0x2e c:/program files (x86)/atmel/studio/7.0/toolchain/arm/arm-gnu-toolchain/bin/../lib/gcc/arm-none-eabi/6.3.1/../../../../arm-none-eabi/lib/thumb/v7e-m\libc.a(lib_a-reent.o)
 .ARM.attributes
                0x00000b65       0x1e c:/program files (x86)/atmel/studio/7.0/toolchain/arm/arm-gnu-toolchain/bin/../lib/gcc/arm-none-eabi/6.3.1/thumb/v7e-m\libgcc.a(_aeabi_uldivmod.o)
 .ARM.attributes
                0x00000b83       0x2e c:/program files (x86)/atmel/studio/7.0/toolchain/arm/arm-gnu-toolchain/bin/../lib/gcc/arm-none-eabi/6.3.1/thumb/v7e-m\libgcc.a(_udivmoddi4.o)
 .ARM.attributes
                0x00000bb1       0x1e c:/program files (x86)/atmel/studio/7.0/toolchain/arm/arm-gnu-toolchain/bin/../lib/gcc/arm-none-eabi/6.3.1/thumb/v7e-m\libgcc.a(_dvmd_tls.o)
 .ARM.attributes
                0x00000bcf       0x1e c:/program files (x86)/atmel/studio/7.0/toolchain/arm/arm-gnu-toolchain/bin/../lib/gcc/arm-none-eabi/6.3.1/thumb/v7e-m/crtn.o

.comment        0x00000000       0x59
 .comment       0x00000000       0x59 src/ASF/common/services/clock/same70/sysclk.o
                                 0x5a (size before relaxing)
 .comment       0x00000059       0x5a src/ASF/common/utils/interrupt/interrupt_sam_nvic.o
 .comment       0x00000059       0x5a src/ASF/common/utils/stdio/read.o
 .comment       0x00000059       0x5a src/ASF/common/utils/stdio/write.o
 .comment       0x00000059       0x5a src/ASF/sam/boards/same70_xplained/init.o
 .comment       0x00000059       0x5a src/ASF/sam/drivers/dacc/dacc.o
 .comment       0x00000059       0x5a src/ASF/sam/drivers/pio/pio.o
 .comment       0x00000059       0x5a src/ASF/sam/drivers/pio/pio_handler.o
 .comment       0x00000059       0x5a src/ASF/sam/drivers/pmc/pmc.o
 .comment       0x00000059       0x5a src/ASF/sam/drivers/uart/uart.o
 .comment       0x00000059       0x5a src/ASF/sam/drivers/usart/usart.o
 .comment       0x00000059       0x5a src/ASF/sam/utils/cmsis/same70/source/templates/gcc/startup_same70.o
 .comment       0x00000059       0x5a src/ASF/sam/utils/cmsis/same70/source/templates/system_same70.o
 .comment       0x00000059       0x5a src/ASF/sam/utils/syscalls/gcc/syscalls.o
 .comment       0x00000059       0x5a src/sinewave_example.o

.debug_info     0x00000000    0x14af5
 .debug_info    0x00000000     0x12a4 src/ASF/common/services/clock/same70/sysclk.o
 .debug_info    0x000012a4      0xaff src/ASF/common/utils/interrupt/interrupt_sam_nvic.o
 .debug_info    0x00001da3      0xac9 src/ASF/common/utils/stdio/read.o
 .debug_info    0x0000286c      0xac6 src/ASF/common/utils/stdio/write.o
 .debug_info    0x00003332     0x1fdf src/ASF/sam/boards/same70_xplained/init.o
 .debug_info    0x00005311     0x1031 src/ASF/sam/drivers/dacc/dacc.o
 .debug_info    0x00006342     0x2174 src/ASF/sam/drivers/pio/pio.o
 .debug_info    0x000084b6     0x1bb2 src/ASF/sam/drivers/pio/pio_handler.o
 .debug_info    0x0000a068     0x1f1c src/ASF/sam/drivers/pmc/pmc.o
 .debug_info    0x0000bf84     0x1072 src/ASF/sam/drivers/uart/uart.o
 .debug_info    0x0000cff6     0x23ac src/ASF/sam/drivers/usart/usart.o
 .debug_info    0x0000f3a2     0x15fe src/ASF/sam/utils/cmsis/same70/source/templates/gcc/startup_same70.o
 .debug_info    0x000109a0      0x5d0 src/ASF/sam/utils/cmsis/same70/source/templates/system_same70.o
 .debug_info    0x00010f70      0xdb0 src/ASF/sam/utils/syscalls/gcc/syscalls.o
 .debug_info    0x00011d20     0x2dd5 src/sinewave_example.o

.debug_abbrev   0x00000000     0x2b36
 .debug_abbrev  0x00000000      0x31f src/ASF/common/services/clock/same70/sysclk.o
 .debug_abbrev  0x0000031f      0x221 src/ASF/common/utils/interrupt/interrupt_sam_nvic.o
 .debug_abbrev  0x00000540      0x1fe src/ASF/common/utils/stdio/read.o
 .debug_abbrev  0x0000073e      0x1e9 src/ASF/common/utils/stdio/write.o
 .debug_abbrev  0x00000927      0x338 src/ASF/sam/boards/same70_xplained/init.o
 .debug_abbrev  0x00000c5f      0x2d0 src/ASF/sam/drivers/dacc/dacc.o
 .debug_abbrev  0x00000f2f      0x410 src/ASF/sam/drivers/pio/pio.o
 .debug_abbrev  0x0000133f      0x34d src/ASF/sam/drivers/pio/pio_handler.o
 .debug_abbrev  0x0000168c      0x398 src/ASF/sam/drivers/pmc/pmc.o
 .debug_abbrev  0x00001a24      0x27b src/ASF/sam/drivers/uart/uart.o
 .debug_abbrev  0x00001c9f      0x3ca src/ASF/sam/drivers/usart/usart.o
 .debug_abbrev  0x00002069      0x2f3 src/ASF/sam/utils/cmsis/same70/source/templates/gcc/startup_same70.o
 .debug_abbrev  0x0000235c      0x102 src/ASF/sam/utils/cmsis/same70/source/templates/system_same70.o
 .debug_abbrev  0x0000245e      0x264 src/ASF/sam/utils/syscalls/gcc/syscalls.o
 .debug_abbrev  0x000026c2      0x474 src/sinewave_example.o

.debug_loc      0x00000000     0x4582
 .debug_loc     0x00000000      0x183 src/ASF/common/services/clock/same70/sysclk.o
 .debug_loc     0x00000183       0xb3 src/ASF/common/utils/stdio/read.o
 .debug_loc     0x00000236      0x12b src/ASF/common/utils/stdio/write.o
 .debug_loc     0x00000361      0x202 src/ASF/sam/boards/same70_xplained/init.o
 .debug_loc     0x00000563      0x3d2 src/ASF/sam/drivers/dacc/dacc.o
 .debug_loc     0x00000935      0xea4 src/ASF/sam/drivers/pio/pio.o
 .debug_loc     0x000017d9      0x59f src/ASF/sam/drivers/pio/pio_handler.o
 .debug_loc     0x00001d78      0xc33 src/ASF/sam/drivers/pmc/pmc.o
 .debug_loc     0x000029ab      0x2a3 src/ASF/sam/drivers/uart/uart.o
 .debug_loc     0x00002c4e      0xf35 src/ASF/sam/drivers/usart/usart.o
 .debug_loc     0x00003b83       0x77 src/ASF/sam/utils/cmsis/same70/source/templates/gcc/startup_same70.o
 .debug_loc     0x00003bfa       0xfd src/ASF/sam/utils/syscalls/gcc/syscalls.o
 .debug_loc     0x00003cf7      0x88b src/sinewave_example.o

.debug_aranges  0x00000000      0xa98
 .debug_aranges
                0x00000000       0x40 src/ASF/common/services/clock/same70/sysclk.o
 .debug_aranges
                0x00000040       0x28 src/ASF/common/utils/interrupt/interrupt_sam_nvic.o
 .debug_aranges
                0x00000068       0x20 src/ASF/common/utils/stdio/read.o
 .debug_aranges
                0x00000088       0x20 src/ASF/common/utils/stdio/write.o
 .debug_aranges
                0x000000a8       0x20 src/ASF/sam/boards/same70_xplained/init.o
 .debug_aranges
                0x000000c8       0xa8 src/ASF/sam/drivers/dacc/dacc.o
 .debug_aranges
                0x00000170      0x1a8 src/ASF/sam/drivers/pio/pio.o
 .debug_aranges
                0x00000318       0x60 src/ASF/sam/drivers/pio/pio_handler.o
 .debug_aranges
                0x00000378      0x270 src/ASF/sam/drivers/pmc/pmc.o
 .debug_aranges
                0x000005e8       0xd8 src/ASF/sam/drivers/uart/uart.o
 .debug_aranges
                0x000006c0      0x2a8 src/ASF/sam/drivers/usart/usart.o
 .debug_aranges
                0x00000968       0x28 src/ASF/sam/utils/cmsis/same70/source/templates/gcc/startup_same70.o
 .debug_aranges
                0x00000990       0x30 src/ASF/sam/utils/cmsis/same70/source/templates/system_same70.o
 .debug_aranges
                0x000009c0       0x60 src/ASF/sam/utils/syscalls/gcc/syscalls.o
 .debug_aranges
                0x00000a20       0x78 src/sinewave_example.o

.debug_ranges   0x00000000      0xb00
 .debug_ranges  0x00000000       0x30 src/ASF/common/services/clock/same70/sysclk.o
 .debug_ranges  0x00000030       0x18 src/ASF/common/utils/interrupt/interrupt_sam_nvic.o
 .debug_ranges  0x00000048       0x10 src/ASF/common/utils/stdio/read.o
 .debug_ranges  0x00000058       0x10 src/ASF/common/utils/stdio/write.o
 .debug_ranges  0x00000068       0x10 src/ASF/sam/boards/same70_xplained/init.o
 .debug_ranges  0x00000078       0x98 src/ASF/sam/drivers/dacc/dacc.o
 .debug_ranges  0x00000110      0x2a0 src/ASF/sam/drivers/pio/pio.o
 .debug_ranges  0x000003b0       0x68 src/ASF/sam/drivers/pio/pio_handler.o
 .debug_ranges  0x00000418      0x260 src/ASF/sam/drivers/pmc/pmc.o
 .debug_ranges  0x00000678       0xc8 src/ASF/sam/drivers/uart/uart.o
 .debug_ranges  0x00000740      0x298 src/ASF/sam/drivers/usart/usart.o
 .debug_ranges  0x000009d8       0x18 src/ASF/sam/utils/cmsis/same70/source/templates/gcc/startup_same70.o
 .debug_ranges  0x000009f0       0x20 src/ASF/sam/utils/cmsis/same70/source/templates/system_same70.o
 .debug_ranges  0x00000a10       0x50 src/ASF/sam/utils/syscalls/gcc/syscalls.o
 .debug_ranges  0x00000a60       0xa0 src/sinewave_example.o

.debug_macro    0x00000000    0x206d0
 .debug_macro   0x00000000      0x706 src/ASF/common/services/clock/same70/sysclk.o
 .debug_macro   0x00000706      0x8ce src/ASF/common/services/clock/same70/sysclk.o
 .debug_macro   0x00000fd4      0x71d src/ASF/common/services/clock/same70/sysclk.o
 .debug_macro   0x000016f1       0x3a src/ASF/common/services/clock/same70/sysclk.o
 .debug_macro   0x0000172b      0x16d src/ASF/common/services/clock/same70/sysclk.o
 .debug_macro   0x00001898       0x76 src/ASF/common/services/clock/same70/sysclk.o
 .debug_macro   0x0000190e       0x16 src/ASF/common/services/clock/same70/sysclk.o
 .debug_macro   0x00001924      0x6da src/ASF/common/services/clock/same70/sysclk.o
 .debug_macro   0x00001ffe       0x22 src/ASF/common/services/clock/same70/sysclk.o
 .debug_macro   0x00002020       0x87 src/ASF/common/services/clock/same70/sysclk.o
 .debug_macro   0x000020a7       0x51 src/ASF/common/services/clock/same70/sysclk.o
 .debug_macro   0x000020f8       0xef src/ASF/common/services/clock/same70/sysclk.o
 .debug_macro   0x000021e7       0x6a src/ASF/common/services/clock/same70/sysclk.o
 .debug_macro   0x00002251      0x1df src/ASF/common/services/clock/same70/sysclk.o
 .debug_macro   0x00002430       0x51 src/ASF/common/services/clock/same70/sysclk.o
 .debug_macro   0x00002481       0x1c src/ASF/common/services/clock/same70/sysclk.o
 .debug_macro   0x0000249d       0x22 src/ASF/common/services/clock/same70/sysclk.o
 .debug_macro   0x000024bf       0xdf src/ASF/common/services/clock/same70/sysclk.o
 .debug_macro   0x0000259e     0x12cd src/ASF/common/services/clock/same70/sysclk.o
 .debug_macro   0x0000386b      0x11f src/ASF/common/services/clock/same70/sysclk.o
 .debug_macro   0x0000398a       0x19 src/ASF/common/services/clock/same70/sysclk.o
 .debug_macro   0x000039a3      0x191 src/ASF/common/services/clock/same70/sysclk.o
 .debug_macro   0x00003b34      0x2ee src/ASF/common/services/clock/same70/sysclk.o
 .debug_macro   0x00003e22      0xa23 src/ASF/common/services/clock/same70/sysclk.o
 .debug_macro   0x00004845      0x1b4 src/ASF/common/services/clock/same70/sysclk.o
 .debug_macro   0x000049f9      0x35f src/ASF/common/services/clock/same70/sysclk.o
 .debug_macro   0x00004d58      0x15a src/ASF/common/services/clock/same70/sysclk.o
 .debug_macro   0x00004eb2     0x18b3 src/ASF/common/services/clock/same70/sysclk.o
 .debug_macro   0x00006765       0x1c src/ASF/common/services/clock/same70/sysclk.o
 .debug_macro   0x00006781      0x6a2 src/ASF/common/services/clock/same70/sysclk.o
 .debug_macro   0x00006e23      0x27f src/ASF/common/services/clock/same70/sysclk.o
 .debug_macro   0x000070a2      0x3ba src/ASF/common/services/clock/same70/sysclk.o
 .debug_macro   0x0000745c      0x4f0 src/ASF/common/services/clock/same70/sysclk.o
 .debug_macro   0x0000794c      0x5cb src/ASF/common/services/clock/same70/sysclk.o
 .debug_macro   0x00007f17     0x1527 src/ASF/common/services/clock/same70/sysclk.o
 .debug_macro   0x0000943e     0x2a40 src/ASF/common/services/clock/same70/sysclk.o
 .debug_macro   0x0000be7e     0x113e src/ASF/common/services/clock/same70/sysclk.o
 .debug_macro   0x0000cfbc      0xcdb src/ASF/common/services/clock/same70/sysclk.o
 .debug_macro   0x0000dc97      0x3c6 src/ASF/common/services/clock/same70/sysclk.o
 .debug_macro   0x0000e05d       0xa0 src/ASF/common/services/clock/same70/sysclk.o
 .debug_macro   0x0000e0fd       0x76 src/ASF/common/services/clock/same70/sysclk.o
 .debug_macro   0x0000e173      0x442 src/ASF/common/services/clock/same70/sysclk.o
 .debug_macro   0x0000e5b5       0x64 src/ASF/common/services/clock/same70/sysclk.o
 .debug_macro   0x0000e619      0x299 src/ASF/common/services/clock/same70/sysclk.o
 .debug_macro   0x0000e8b2      0x201 src/ASF/common/services/clock/same70/sysclk.o
 .debug_macro   0x0000eab3      0x280 src/ASF/common/services/clock/same70/sysclk.o
 .debug_macro   0x0000ed33      0x539 src/ASF/common/services/clock/same70/sysclk.o
 .debug_macro   0x0000f26c      0x64f src/ASF/common/services/clock/same70/sysclk.o
 .debug_macro   0x0000f8bb      0x6fd src/ASF/common/services/clock/same70/sysclk.o
 .debug_macro   0x0000ffb8       0x64 src/ASF/common/services/clock/same70/sysclk.o
 .debug_macro   0x0001001c      0x4c4 src/ASF/common/services/clock/same70/sysclk.o
 .debug_macro   0x000104e0      0x237 src/ASF/common/services/clock/same70/sysclk.o
 .debug_macro   0x00010717      0xa06 src/ASF/common/services/clock/same70/sysclk.o
 .debug_macro   0x0001111d     0x14ec src/ASF/common/services/clock/same70/sysclk.o
 .debug_macro   0x00012609       0x40 src/ASF/common/services/clock/same70/sysclk.o
 .debug_macro   0x00012649       0x76 src/ASF/common/services/clock/same70/sysclk.o
 .debug_macro   0x000126bf      0xdd1 src/ASF/common/services/clock/same70/sysclk.o
 .debug_macro   0x00013490       0x88 src/ASF/common/services/clock/same70/sysclk.o
 .debug_macro   0x00013518       0x7c src/ASF/common/services/clock/same70/sysclk.o
 .debug_macro   0x00013594       0x52 src/ASF/common/services/clock/same70/sysclk.o
 .debug_macro   0x000135e6      0x133 src/ASF/common/services/clock/same70/sysclk.o
 .debug_macro   0x00013719      0x133 src/ASF/common/services/clock/same70/sysclk.o
 .debug_macro   0x0001384c      0x133 src/ASF/common/services/clock/same70/sysclk.o
 .debug_macro   0x0001397f       0x76 src/ASF/common/services/clock/same70/sysclk.o
 .debug_macro   0x000139f5       0x76 src/ASF/common/services/clock/same70/sysclk.o
 .debug_macro   0x00013a6b      0x2fe src/ASF/common/services/clock/same70/sysclk.o
 .debug_macro   0x00013d69       0xca src/ASF/common/services/clock/same70/sysclk.o
 .debug_macro   0x00013e33       0xca src/ASF/common/services/clock/same70/sysclk.o
 .debug_macro   0x00013efd       0xca src/ASF/common/services/clock/same70/sysclk.o
 .debug_macro   0x00013fc7      0x13b src/ASF/common/services/clock/same70/sysclk.o
 .debug_macro   0x00014102      0x13b src/ASF/common/services/clock/same70/sysclk.o
 .debug_macro   0x0001423d      0x2cd src/ASF/common/services/clock/same70/sysclk.o
 .debug_macro   0x0001450a       0xbe src/ASF/common/services/clock/same70/sysclk.o
 .debug_macro   0x000145c8       0x64 src/ASF/common/services/clock/same70/sysclk.o
 .debug_macro   0x0001462c       0x46 src/ASF/common/services/clock/same70/sysclk.o
 .debug_macro   0x00014672       0x64 src/ASF/common/services/clock/same70/sysclk.o
 .debug_macro   0x000146d6       0xa6 src/ASF/common/services/clock/same70/sysclk.o
 .debug_macro   0x0001477c      0x4b7 src/ASF/common/services/clock/same70/sysclk.o
 .debug_macro   0x00014c33      0x133 src/ASF/common/services/clock/same70/sysclk.o
 .debug_macro   0x00014d66       0x52 src/ASF/common/services/clock/same70/sysclk.o
 .debug_macro   0x00014db8      0x2fe src/ASF/common/services/clock/same70/sysclk.o
 .debug_macro   0x000150b6       0x76 src/ASF/common/services/clock/same70/sysclk.o
 .debug_macro   0x0001512c       0xbe src/ASF/common/services/clock/same70/sysclk.o
 .debug_macro   0x000151ea       0x70 src/ASF/common/services/clock/same70/sysclk.o
 .debug_macro   0x0001525a       0x34 src/ASF/common/services/clock/same70/sysclk.o
 .debug_macro   0x0001528e      0x9b8 src/ASF/common/services/clock/same70/sysclk.o
 .debug_macro   0x00015c46       0x70 src/ASF/common/services/clock/same70/sysclk.o
 .debug_macro   0x00015cb6       0x8e src/ASF/common/services/clock/same70/sysclk.o
 .debug_macro   0x00015d44       0x5e src/ASF/common/services/clock/same70/sysclk.o
 .debug_macro   0x00015da2       0xfa src/ASF/common/services/clock/same70/sysclk.o
 .debug_macro   0x00015e9c       0x4c src/ASF/common/services/clock/same70/sysclk.o
 .debug_macro   0x00015ee8       0x4c src/ASF/common/services/clock/same70/sysclk.o
 .debug_macro   0x00015f34       0x16 src/ASF/common/services/clock/same70/sysclk.o
 .debug_macro   0x00015f4a       0xfa src/ASF/common/services/clock/same70/sysclk.o
 .debug_macro   0x00016044       0x52 src/ASF/common/services/clock/same70/sysclk.o
 .debug_macro   0x00016096       0x16 src/ASF/common/services/clock/same70/sysclk.o
 .debug_macro   0x000160ac       0x52 src/ASF/common/services/clock/same70/sysclk.o
 .debug_macro   0x000160fe       0x2e src/ASF/common/services/clock/same70/sysclk.o
 .debug_macro   0x0001612c      0x1b3 src/ASF/common/services/clock/same70/sysclk.o
 .debug_macro   0x000162df      0x1b3 src/ASF/common/services/clock/same70/sysclk.o
 .debug_macro   0x00016492      0x1b3 src/ASF/common/services/clock/same70/sysclk.o
 .debug_macro   0x00016645      0x1b3 src/ASF/common/services/clock/same70/sysclk.o
 .debug_macro   0x000167f8      0x1b3 src/ASF/common/services/clock/same70/sysclk.o
 .debug_macro   0x000169ab       0x1c src/ASF/common/services/clock/same70/sysclk.o
 .debug_macro   0x000169c7       0x34 src/ASF/common/services/clock/same70/sysclk.o
 .debug_macro   0x000169fb       0x22 src/ASF/common/services/clock/same70/sysclk.o
 .debug_macro   0x00016a1d       0x1c src/ASF/common/services/clock/same70/sysclk.o
 .debug_macro   0x00016a39       0x5e src/ASF/common/services/clock/same70/sysclk.o
 .debug_macro   0x00016a97       0x10 src/ASF/common/services/clock/same70/sysclk.o
 .debug_macro   0x00016aa7       0x1c src/ASF/common/services/clock/same70/sysclk.o
 .debug_macro   0x00016ac3       0x52 src/ASF/common/services/clock/same70/sysclk.o
 .debug_macro   0x00016b15       0x52 src/ASF/common/services/clock/same70/sysclk.o
 .debug_macro   0x00016b67       0x52 src/ASF/common/services/clock/same70/sysclk.o
 .debug_macro   0x00016bb9      0x33e src/ASF/common/services/clock/same70/sysclk.o
 .debug_macro   0x00016ef7     0x10ab src/ASF/common/services/clock/same70/sysclk.o
 .debug_macro   0x00017fa2      0x107 src/ASF/common/services/clock/same70/sysclk.o
 .debug_macro   0x000180a9       0x58 src/ASF/common/services/clock/same70/sysclk.o
 .debug_macro   0x00018101       0x35 src/ASF/common/services/clock/same70/sysclk.o
 .debug_macro   0x00018136       0x9c src/ASF/common/services/clock/same70/sysclk.o
 .debug_macro   0x000181d2       0x16 src/ASF/common/services/clock/same70/sysclk.o
 .debug_macro   0x000181e8       0x35 src/ASF/common/services/clock/same70/sysclk.o
 .debug_macro   0x0001821d      0x34d src/ASF/common/services/clock/same70/sysclk.o
 .debug_macro   0x0001856a       0x10 src/ASF/common/services/clock/same70/sysclk.o
 .debug_macro   0x0001857a       0x58 src/ASF/common/services/clock/same70/sysclk.o
 .debug_macro   0x000185d2       0x1f src/ASF/common/services/clock/same70/sysclk.o
 .debug_macro   0x000185f1       0x43 src/ASF/common/services/clock/same70/sysclk.o
 .debug_macro   0x00018634       0x20 src/ASF/common/services/clock/same70/sysclk.o
 .debug_macro   0x00018654      0x187 src/ASF/common/services/clock/same70/sysclk.o
 .debug_macro   0x000187db       0x10 src/ASF/common/services/clock/same70/sysclk.o
 .debug_macro   0x000187eb       0x1c src/ASF/common/services/clock/same70/sysclk.o
 .debug_macro   0x00018807       0x52 src/ASF/common/services/clock/same70/sysclk.o
 .debug_macro   0x00018859       0x40 src/ASF/common/services/clock/same70/sysclk.o
 .debug_macro   0x00018899       0x10 src/ASF/common/services/clock/same70/sysclk.o
 .debug_macro   0x000188a9       0x40 src/ASF/common/services/clock/same70/sysclk.o
 .debug_macro   0x000188e9       0xd7 src/ASF/common/services/clock/same70/sysclk.o
 .debug_macro   0x000189c0       0x16 src/ASF/common/services/clock/same70/sysclk.o
 .debug_macro   0x000189d6      0x18b src/ASF/common/services/clock/same70/sysclk.o
 .debug_macro   0x00018b61       0x22 src/ASF/common/services/clock/same70/sysclk.o
 .debug_macro   0x00018b83       0x16 src/ASF/common/services/clock/same70/sysclk.o
 .debug_macro   0x00018b99       0x16 src/ASF/common/services/clock/same70/sysclk.o
 .debug_macro   0x00018baf       0x29 src/ASF/common/services/clock/same70/sysclk.o
 .debug_macro   0x00018bd8       0x73 src/ASF/common/services/clock/same70/sysclk.o
 .debug_macro   0x00018c4b       0x3e src/ASF/common/services/clock/same70/sysclk.o
 .debug_macro   0x00018c89      0x3ca src/ASF/common/services/clock/same70/sysclk.o
 .debug_macro   0x00019053      0x2d9 src/ASF/common/services/clock/same70/sysclk.o
 .debug_macro   0x0001932c      0xa91 src/ASF/common/services/clock/same70/sysclk.o
 .debug_macro   0x00019dbd       0x70 src/ASF/common/services/clock/same70/sysclk.o
 .debug_macro   0x00019e2d       0x64 src/ASF/common/services/clock/same70/sysclk.o
 .debug_macro   0x00019e91       0x5f src/ASF/common/services/clock/same70/sysclk.o
 .debug_macro   0x00019ef0       0xac src/ASF/common/services/clock/same70/sysclk.o
 .debug_macro   0x00019f9c      0x68a src/ASF/common/utils/interrupt/interrupt_sam_nvic.o
 .debug_macro   0x0001a626      0x68a src/ASF/common/utils/stdio/read.o
 .debug_macro   0x0001acb0      0x68a src/ASF/common/utils/stdio/write.o
 .debug_macro   0x0001b33a      0x742 src/ASF/sam/boards/same70_xplained/init.o
 .debug_macro   0x0001ba7c       0x16 src/ASF/sam/boards/same70_xplained/init.o
 .debug_macro   0x0001ba92       0x82 src/ASF/sam/boards/same70_xplained/init.o
 .debug_macro   0x0001bb14       0x94 src/ASF/sam/boards/same70_xplained/init.o
 .debug_macro   0x0001bba8      0x6a7 src/ASF/sam/drivers/dacc/dacc.o
 .debug_macro   0x0001c24f       0x10 src/ASF/sam/drivers/dacc/dacc.o
 .debug_macro   0x0001c25f      0x6a1 src/ASF/sam/drivers/pio/pio.o
 .debug_macro   0x0001c900       0x8e src/ASF/sam/drivers/pio/pio.o
 .debug_macro   0x0001c98e      0x6ac src/ASF/sam/drivers/pio/pio_handler.o
 .debug_macro   0x0001d03a      0x6a1 src/ASF/sam/drivers/pmc/pmc.o
 .debug_macro   0x0001d6db       0x6a src/ASF/sam/drivers/pmc/pmc.o
 .debug_macro   0x0001d745      0x69b src/ASF/sam/drivers/uart/uart.o
 .debug_macro   0x0001dde0       0x16 src/ASF/sam/drivers/uart/uart.o
 .debug_macro   0x0001ddf6      0x6d1 src/ASF/sam/drivers/usart/usart.o
 .debug_macro   0x0001e4c7       0x28 src/ASF/sam/drivers/usart/usart.o
 .debug_macro   0x0001e4ef      0x69a src/ASF/sam/utils/cmsis/same70/source/templates/gcc/startup_same70.o
 .debug_macro   0x0001eb89       0x10 src/ASF/sam/utils/cmsis/same70/source/templates/gcc/startup_same70.o
 .debug_macro   0x0001eb99      0x486 src/ASF/sam/utils/cmsis/same70/source/templates/system_same70.o
 .debug_macro   0x0001f01f      0x1d6 src/ASF/sam/utils/syscalls/gcc/syscalls.o
 .debug_macro   0x0001f1f5       0x52 src/ASF/sam/utils/syscalls/gcc/syscalls.o
 .debug_macro   0x0001f247       0x8d src/ASF/sam/utils/syscalls/gcc/syscalls.o
 .debug_macro   0x0001f2d4       0x57 src/ASF/sam/utils/syscalls/gcc/syscalls.o
 .debug_macro   0x0001f32b       0x97 src/ASF/sam/utils/syscalls/gcc/syscalls.o
 .debug_macro   0x0001f3c2      0x353 src/ASF/sam/utils/syscalls/gcc/syscalls.o
 .debug_macro   0x0001f715       0xf6 src/ASF/sam/utils/syscalls/gcc/syscalls.o
 .debug_macro   0x0001f80b       0x4c src/ASF/sam/utils/syscalls/gcc/syscalls.o
 .debug_macro   0x0001f857       0x16 src/ASF/sam/utils/syscalls/gcc/syscalls.o
 .debug_macro   0x0001f86d       0x10 src/ASF/sam/utils/syscalls/gcc/syscalls.o
 .debug_macro   0x0001f87d       0x10 src/ASF/sam/utils/syscalls/gcc/syscalls.o
 .debug_macro   0x0001f88d       0x35 src/ASF/sam/utils/syscalls/gcc/syscalls.o
 .debug_macro   0x0001f8c2      0x122 src/ASF/sam/utils/syscalls/gcc/syscalls.o
 .debug_macro   0x0001f9e4      0xa79 src/sinewave_example.o
 .debug_macro   0x0002045d       0x16 src/sinewave_example.o
 .debug_macro   0x00020473       0x40 src/sinewave_example.o
 .debug_macro   0x000204b3      0x1cf src/sinewave_example.o
 .debug_macro   0x00020682       0x16 src/sinewave_example.o
 .debug_macro   0x00020698       0x1c src/sinewave_example.o
 .debug_macro   0x000206b4       0x1c src/sinewave_example.o

.debug_line     0x00000000     0xb004
 .debug_line    0x00000000      0xb82 src/ASF/common/services/clock/same70/sysclk.o
 .debug_line    0x00000b82      0xa2f src/ASF/common/utils/interrupt/interrupt_sam_nvic.o
 .debug_line    0x000015b1      0xa1a src/ASF/common/utils/stdio/read.o
 .debug_line    0x00001fcb      0xa12 src/ASF/common/utils/stdio/write.o
 .debug_line    0x000029dd      0xc69 src/ASF/sam/boards/same70_xplained/init.o
 .debug_line    0x00003646      0xb5d src/ASF/sam/drivers/dacc/dacc.o
 .debug_line    0x000041a3      0xf16 src/ASF/sam/drivers/pio/pio.o
 .debug_line    0x000050b9      0xafe src/ASF/sam/drivers/pio/pio_handler.o
 .debug_line    0x00005bb7     0x10da src/ASF/sam/drivers/pmc/pmc.o
 .debug_line    0x00006c91      0xbac src/ASF/sam/drivers/uart/uart.o
 .debug_line    0x0000783d     0x10a9 src/ASF/sam/drivers/usart/usart.o
 .debug_line    0x000088e6      0xa9f src/ASF/sam/utils/cmsis/same70/source/templates/gcc/startup_same70.o
 .debug_line    0x00009385      0x81b src/ASF/sam/utils/cmsis/same70/source/templates/system_same70.o
 .debug_line    0x00009ba0      0x40b src/ASF/sam/utils/syscalls/gcc/syscalls.o
 .debug_line    0x00009fab     0x1059 src/sinewave_example.o

.debug_str      0x00000000    0x9452b
 .debug_str     0x00000000    0x8e57e src/ASF/common/services/clock/same70/sysclk.o
                              0x8ec9d (size before relaxing)
 .debug_str     0x0008e57e       0x94 src/ASF/common/utils/interrupt/interrupt_sam_nvic.o
                              0x8a5af (size before relaxing)
 .debug_str     0x0008e612       0x3f src/ASF/common/utils/stdio/read.o
                              0x8a558 (size before relaxing)
 .debug_str     0x0008e651       0x2e src/ASF/common/utils/stdio/write.o
                              0x8a559 (size before relaxing)
 .debug_str     0x0008e67f      0xffd src/ASF/sam/boards/same70_xplained/init.o
                              0x8f887 (size before relaxing)
 .debug_str     0x0008f67c      0x340 src/ASF/sam/drivers/dacc/dacc.o
                              0x8a88c (size before relaxing)
 .debug_str     0x0008f9bc      0x5a6 src/ASF/sam/drivers/pio/pio.o
                              0x8b111 (size before relaxing)
 .debug_str     0x0008ff62      0x4af src/ASF/sam/drivers/pio/pio_handler.o
                              0x8b2ec (size before relaxing)
 .debug_str     0x00090411      0x709 src/ASF/sam/drivers/pmc/pmc.o
                              0x8b2e7 (size before relaxing)
 .debug_str     0x00090b1a      0x30e src/ASF/sam/drivers/uart/uart.o
                              0x8a876 (size before relaxing)
 .debug_str     0x00090e28      0xb49 src/ASF/sam/drivers/usart/usart.o
                              0x8b0ea (size before relaxing)
 .debug_str     0x00091971      0x76f src/ASF/sam/utils/cmsis/same70/source/templates/gcc/startup_same70.o
                              0x8ae48 (size before relaxing)
 .debug_str     0x000920e0      0x137 src/ASF/sam/utils/cmsis/same70/source/templates/system_same70.o
                              0x7a092 (size before relaxing)
 .debug_str     0x00092217      0x787 src/ASF/sam/utils/syscalls/gcc/syscalls.o
                               0x744a (size before relaxing)
 .debug_str     0x0009299e     0x1b8d src/sinewave_example.o
                              0x9182b (size before relaxing)

.debug_frame    0x00000000     0x2388
 .debug_frame   0x00000000       0x88 src/ASF/common/services/clock/same70/sysclk.o
 .debug_frame   0x00000088       0x30 src/ASF/common/utils/interrupt/interrupt_sam_nvic.o
 .debug_frame   0x000000b8       0x30 src/ASF/common/utils/stdio/read.o
 .debug_frame   0x000000e8       0x48 src/ASF/common/utils/stdio/write.o
 .debug_frame   0x00000130       0x30 src/ASF/sam/boards/same70_xplained/init.o
 .debug_frame   0x00000160      0x140 src/ASF/sam/drivers/dacc/dacc.o
 .debug_frame   0x000002a0      0x390 src/ASF/sam/drivers/pio/pio.o
 .debug_frame   0x00000630      0x110 src/ASF/sam/drivers/pio/pio_handler.o
 .debug_frame   0x00000740      0x4ec src/ASF/sam/drivers/pmc/pmc.o
 .debug_frame   0x00000c2c      0x19c src/ASF/sam/drivers/uart/uart.o
 .debug_frame   0x00000dc8      0x5c0 src/ASF/sam/drivers/usart/usart.o
 .debug_frame   0x00001388       0x38 src/ASF/sam/utils/cmsis/same70/source/templates/gcc/startup_same70.o
 .debug_frame   0x000013c0       0x40 src/ASF/sam/utils/cmsis/same70/source/templates/system_same70.o
 .debug_frame   0x00001400       0xa0 src/ASF/sam/utils/syscalls/gcc/syscalls.o
 .debug_frame   0x000014a0      0x168 src/sinewave_example.o
 .debug_frame   0x00001608       0x2c c:/program files (x86)/atmel/studio/7.0/toolchain/arm/arm-gnu-toolchain/bin/../lib/gcc/arm-none-eabi/6.3.1/../../../../arm-none-eabi/lib/thumb/v7e-m\libc.a(lib_a-init.o)
 .debug_frame   0x00001634       0x74 c:/program files (x86)/atmel/studio/7.0/toolchain/arm/arm-gnu-toolchain/bin/../lib/gcc/arm-none-eabi/6.3.1/../../../../arm-none-eabi/lib/thumb/v7e-m\libc.a(lib_a-iprintf.o)
 .debug_frame   0x000016a8       0x34 c:/program files (x86)/atmel/studio/7.0/toolchain/arm/arm-gnu-toolchain/bin/../lib/gcc/arm-none-eabi/6.3.1/../../../../arm-none-eabi/lib/thumb/v7e-m\libc.a(lib_a-memset.o)
 .debug_frame   0x000016dc       0x4c c:/program files (x86)/atmel/studio/7.0/toolchain/arm/arm-gnu-toolchain/bin/../lib/gcc/arm-none-eabi/6.3.1/../../../../arm-none-eabi/lib/thumb/v7e-m\libc.a(lib_a-puts.o)
 .debug_frame   0x00001728       0x20 c:/program files (x86)/atmel/studio/7.0/toolchain/arm/arm-gnu-toolchain/bin/../lib/gcc/arm-none-eabi/6.3.1/../../../../arm-none-eabi/lib/thumb/v7e-m\libc.a(lib_a-setbuf.o)
 .debug_frame   0x00001748       0x48 c:/program files (x86)/atmel/studio/7.0/toolchain/arm/arm-gnu-toolchain/bin/../lib/gcc/arm-none-eabi/6.3.1/../../../../arm-none-eabi/lib/thumb/v7e-m\libc.a(lib_a-setvbuf.o)
 .debug_frame   0x00001790       0xd8 c:/program files (x86)/atmel/studio/7.0/toolchain/arm/arm-gnu-toolchain/bin/../lib/gcc/arm-none-eabi/6.3.1/../../../../arm-none-eabi/lib/thumb/v7e-m\libc.a(lib_a-vfiprintf.o)
 .debug_frame   0x00001868       0x2c c:/program files (x86)/atmel/studio/7.0/toolchain/arm/arm-gnu-toolchain/bin/../lib/gcc/arm-none-eabi/6.3.1/../../../../arm-none-eabi/lib/thumb/v7e-m\libc.a(lib_a-wsetup.o)
 .debug_frame   0x00001894       0x5c c:/program files (x86)/atmel/studio/7.0/toolchain/arm/arm-gnu-toolchain/bin/../lib/gcc/arm-none-eabi/6.3.1/../../../../arm-none-eabi/lib/thumb/v7e-m\libc.a(lib_a-__call_atexit.o)
 .debug_frame   0x000018f0       0x20 c:/program files (x86)/atmel/studio/7.0/toolchain/arm/arm-gnu-toolchain/bin/../lib/gcc/arm-none-eabi/6.3.1/../../../../arm-none-eabi/lib/thumb/v7e-m\libc.a(lib_a-atexit.o)
 .debug_frame   0x00001910       0x5c c:/program files (x86)/atmel/studio/7.0/toolchain/arm/arm-gnu-toolchain/bin/../lib/gcc/arm-none-eabi/6.3.1/../../../../arm-none-eabi/lib/thumb/v7e-m\libc.a(lib_a-fflush.o)
 .debug_frame   0x0000196c      0x148 c:/program files (x86)/atmel/studio/7.0/toolchain/arm/arm-gnu-toolchain/bin/../lib/gcc/arm-none-eabi/6.3.1/../../../../arm-none-eabi/lib/thumb/v7e-m\libc.a(lib_a-findfp.o)
 .debug_frame   0x00001ab4       0x34 c:/program files (x86)/atmel/studio/7.0/toolchain/arm/arm-gnu-toolchain/bin/../lib/gcc/arm-none-eabi/6.3.1/../../../../arm-none-eabi/lib/thumb/v7e-m\libc.a(lib_a-fini.o)
 .debug_frame   0x00001ae8       0x94 c:/program files (x86)/atmel/studio/7.0/toolchain/arm/arm-gnu-toolchain/bin/../lib/gcc/arm-none-eabi/6.3.1/../../../../arm-none-eabi/lib/thumb/v7e-m\libc.a(lib_a-fputwc.o)
 .debug_frame   0x00001b7c       0x74 c:/program files (x86)/atmel/studio/7.0/toolchain/arm/arm-gnu-toolchain/bin/../lib/gcc/arm-none-eabi/6.3.1/../../../../arm-none-eabi/lib/thumb/v7e-m\libc.a(lib_a-freer.o)
 .debug_frame   0x00001bf0       0x68 c:/program files (x86)/atmel/studio/7.0/toolchain/arm/arm-gnu-toolchain/bin/../lib/gcc/arm-none-eabi/6.3.1/../../../../arm-none-eabi/lib/thumb/v7e-m\libc.a(lib_a-fvwrite.o)
 .debug_frame   0x00001c58       0x54 c:/program files (x86)/atmel/studio/7.0/toolchain/arm/arm-gnu-toolchain/bin/../lib/gcc/arm-none-eabi/6.3.1/../../../../arm-none-eabi/lib/thumb/v7e-m\libc.a(lib_a-fwalk.o)
 .debug_frame   0x00001cac       0x6c c:/program files (x86)/atmel/studio/7.0/toolchain/arm/arm-gnu-toolchain/bin/../lib/gcc/arm-none-eabi/6.3.1/../../../../arm-none-eabi/lib/thumb/v7e-m\libc.a(lib_a-locale.o)
 .debug_frame   0x00001d18       0xb0 c:/program files (x86)/atmel/studio/7.0/toolchain/arm/arm-gnu-toolchain/bin/../lib/gcc/arm-none-eabi/6.3.1/../../../../arm-none-eabi/lib/thumb/v7e-m\libc.a(lib_a-lock.o)
 .debug_frame   0x00001dc8       0x68 c:/program files (x86)/atmel/studio/7.0/toolchain/arm/arm-gnu-toolchain/bin/../lib/gcc/arm-none-eabi/6.3.1/../../../../arm-none-eabi/lib/thumb/v7e-m\libc.a(lib_a-makebuf.o)
 .debug_frame   0x00001e30       0x30 c:/program files (x86)/atmel/studio/7.0/toolchain/arm/arm-gnu-toolchain/bin/../lib/gcc/arm-none-eabi/6.3.1/../../../../arm-none-eabi/lib/thumb/v7e-m\libc.a(lib_a-malloc.o)
 .debug_frame   0x00001e60       0x58 c:/program files (x86)/atmel/studio/7.0/toolchain/arm/arm-gnu-toolchain/bin/../lib/gcc/arm-none-eabi/6.3.1/../../../../arm-none-eabi/lib/thumb/v7e-m\libc.a(lib_a-mallocr.o)
 .debug_frame   0x00001eb8       0x4c c:/program files (x86)/atmel/studio/7.0/toolchain/arm/arm-gnu-toolchain/bin/../lib/gcc/arm-none-eabi/6.3.1/../../../../arm-none-eabi/lib/thumb/v7e-m\libc.a(lib_a-mbtowc_r.o)
 .debug_frame   0x00001f04       0x30 c:/program files (x86)/atmel/studio/7.0/toolchain/arm/arm-gnu-toolchain/bin/../lib/gcc/arm-none-eabi/6.3.1/../../../../arm-none-eabi/lib/thumb/v7e-m\libc.a(lib_a-memmove.o)